29-Oct-2020 08:38:30.910 信息 [main] org.apache.catalina.startup.VersionLoggerListener.log Server version:        Apache Tomcat/8.0.50
29-Oct-2020 08:38:30.933 信息 [main] org.apache.catalina.startup.VersionLoggerListener.log Server built:          Feb 7 2018 20:06:05 UTC
29-Oct-2020 08:38:30.934 信息 [main] org.apache.catalina.startup.VersionLoggerListener.log Server number:         8.0.50.0
29-Oct-2020 08:38:30.934 信息 [main] org.apache.catalina.startup.VersionLoggerListener.log OS Name:               Windows 10
29-Oct-2020 08:38:30.934 信息 [main] org.apache.catalina.startup.VersionLoggerListener.log OS Version:            10.0
29-Oct-2020 08:38:30.934 信息 [main] org.apache.catalina.startup.VersionLoggerListener.log Architecture:          amd64
29-Oct-2020 08:38:30.934 信息 [main] org.apache.catalina.startup.VersionLoggerListener.log Java Home:             D:\jdk1.8.0_151\jre
29-Oct-2020 08:38:30.934 信息 [main] org.apache.catalina.startup.VersionLoggerListener.log JVM Version:           1.8.0_151-b12
29-Oct-2020 08:38:30.934 信息 [main] org.apache.catalina.startup.VersionLoggerListener.log JVM Vendor:            Oracle Corporation
29-Oct-2020 08:38:30.935 信息 [main] org.apache.catalina.startup.VersionLoggerListener.log CATALINA_BASE:         D:\Users\Administrator\Desktop\java23班\第四阶段\02-CRM\02-CRM\02_演示项目\tomcat-crm
29-Oct-2020 08:38:30.935 信息 [main] org.apache.catalina.startup.VersionLoggerListener.log CATALINA_HOME:         D:\Users\Administrator\Desktop\java23班\第四阶段\02-CRM\02-CRM\02_演示项目\tomcat-crm
29-Oct-2020 08:38:30.935 信息 [main] org.apache.catalina.startup.VersionLoggerListener.log Command line argument: -Djava.util.logging.config.file=d:\Users\Administrator\Desktop\java23班\第四阶段\02-CRM\02-CRM\02_演示项目\tomcat-crm\conf\logging.properties
29-Oct-2020 08:38:30.936 信息 [main] org.apache.catalina.startup.VersionLoggerListener.log Command line argument: -Djava.util.logging.manager=org.apache.juli.ClassLoaderLogManager
29-Oct-2020 08:38:30.936 信息 [main] org.apache.catalina.startup.VersionLoggerListener.log Command line argument: -Djdk.tls.ephemeralDHKeySize=2048
29-Oct-2020 08:38:30.936 信息 [main] org.apache.catalina.startup.VersionLoggerListener.log Command line argument: -Djava.protocol.handler.pkgs=org.apache.catalina.webresources
29-Oct-2020 08:38:30.937 信息 [main] org.apache.catalina.startup.VersionLoggerListener.log Command line argument: -Dignore.endorsed.dirs=
29-Oct-2020 08:38:30.937 信息 [main] org.apache.catalina.startup.VersionLoggerListener.log Command line argument: -Dcatalina.base=d:\Users\Administrator\Desktop\java23班\第四阶段\02-CRM\02-CRM\02_演示项目\tomcat-crm
29-Oct-2020 08:38:30.938 信息 [main] org.apache.catalina.startup.VersionLoggerListener.log Command line argument: -Dcatalina.home=d:\Users\Administrator\Desktop\java23班\第四阶段\02-CRM\02-CRM\02_演示项目\tomcat-crm
29-Oct-2020 08:38:30.938 信息 [main] org.apache.catalina.startup.VersionLoggerListener.log Command line argument: -Djava.io.tmpdir=d:\Users\Administrator\Desktop\java23班\第四阶段\02-CRM\02-CRM\02_演示项目\tomcat-crm\temp
29-Oct-2020 08:38:30.938 信息 [main] org.apache.catalina.core.AprLifecycleListener.lifecycleEvent Loaded APR based Apache Tomcat Native library 1.2.16 using APR version 1.6.3.
29-Oct-2020 08:38:30.939 信息 [main] org.apache.catalina.core.AprLifecycleListener.lifecycleEvent APR capabilities: IPv6 [true], sendfile [true], accept filters [false], random [true].
29-Oct-2020 08:38:31.747 信息 [main] org.apache.catalina.core.AprLifecycleListener.initializeSSL OpenSSL successfully initialized (OpenSSL 1.0.2m  2 Nov 2017)
29-Oct-2020 08:38:32.986 信息 [main] org.apache.coyote.AbstractProtocol.init Initializing ProtocolHandler ["http-apr-8080"]
29-Oct-2020 08:38:33.002 信息 [main] org.apache.coyote.AbstractProtocol.init Initializing ProtocolHandler ["ajp-apr-8008"]
29-Oct-2020 08:38:33.004 信息 [main] org.apache.catalina.startup.Catalina.load Initialization processed in 2555 ms
29-Oct-2020 08:38:33.051 信息 [main] org.apache.catalina.core.StandardService.startInternal Starting service Catalina
29-Oct-2020 08:38:33.052 信息 [main] org.apache.catalina.core.StandardEngine.startInternal Starting Servlet Engine: Apache Tomcat/8.0.50
29-Oct-2020 08:38:33.128 信息 [localhost-startStop-1] org.apache.catalina.startup.HostConfig.deployDirectory Deploying web application directory D:\Users\Administrator\Desktop\java23班\第四阶段\02-CRM\02-CRM\02_演示项目\tomcat-crm\webapps\ROOT
29-Oct-2020 08:38:38.947 信息 [localhost-startStop-1] org.apache.jasper.servlet.TldScanner.scanJars At least one JAR was scanned for TLDs yet contained no TLDs. Enable debug logging for this logger for a complete list of JARs that were scanned but no TLDs were found in them. Skipping unneeded JARs during scanning can improve startup time and JSP compilation time.
29-Oct-2020 08:38:39.314 警告 [localhost-startStop-1] org.apache.catalina.util.SessionIdGeneratorBase.createSecureRandom Creation of SecureRandom instance for session ID generation using [SHA1PRNG] took [311] milliseconds.
29-Oct-2020 08:38:48.061 信息 [localhost-startStop-1] org.apache.catalina.startup.HostConfig.deployDirectory Deployment of web application directory D:\Users\Administrator\Desktop\java23班\第四阶段\02-CRM\02-CRM\02_演示项目\tomcat-crm\webapps\ROOT has finished in 14,932 ms
29-Oct-2020 08:38:48.073 信息 [main] org.apache.coyote.AbstractProtocol.start Starting ProtocolHandler ["http-apr-8080"]
29-Oct-2020 08:38:48.104 信息 [main] org.apache.coyote.AbstractProtocol.start Starting ProtocolHandler ["ajp-apr-8008"]
29-Oct-2020 08:38:48.111 信息 [main] org.apache.catalina.startup.Catalina.start Server startup in 15106 ms
