09-Nov-2020 16:06:17.314 信息 [main] org.apache.catalina.startup.VersionLoggerListener.log Server version:        Apache Tomcat/8.0.50
09-Nov-2020 16:06:17.317 信息 [main] org.apache.catalina.startup.VersionLoggerListener.log Server built:          Feb 7 2018 20:06:05 UTC
09-Nov-2020 16:06:17.319 信息 [main] org.apache.catalina.startup.VersionLoggerListener.log Server number:         8.0.50.0
09-Nov-2020 16:06:17.319 信息 [main] org.apache.catalina.startup.VersionLoggerListener.log OS Name:               Windows 10
09-Nov-2020 16:06:17.319 信息 [main] org.apache.catalina.startup.VersionLoggerListener.log OS Version:            10.0
09-Nov-2020 16:06:17.320 信息 [main] org.apache.catalina.startup.VersionLoggerListener.log Architecture:          amd64
09-Nov-2020 16:06:17.320 信息 [main] org.apache.catalina.startup.VersionLoggerListener.log Java Home:             D:\jdk1.8.0_151\jre
09-Nov-2020 16:06:17.320 信息 [main] org.apache.catalina.startup.VersionLoggerListener.log JVM Version:           1.8.0_151-b12
09-Nov-2020 16:06:17.320 信息 [main] org.apache.catalina.startup.VersionLoggerListener.log JVM Vendor:            Oracle Corporation
09-Nov-2020 16:06:17.320 信息 [main] org.apache.catalina.startup.VersionLoggerListener.log CATALINA_BASE:         D:\Users\Administrator\Desktop\java23班\第四五阶段\02-CRM\02-CRM\02_演示项目\tomcat-crm
09-Nov-2020 16:06:17.321 信息 [main] org.apache.catalina.startup.VersionLoggerListener.log CATALINA_HOME:         D:\Users\Administrator\Desktop\java23班\第四五阶段\02-CRM\02-CRM\02_演示项目\tomcat-crm
09-Nov-2020 16:06:17.321 信息 [main] org.apache.catalina.startup.VersionLoggerListener.log Command line argument: -Djava.util.logging.config.file=d:\Users\Administrator\Desktop\java23班\第四五阶段\02-CRM\02-CRM\02_演示项目\tomcat-crm\conf\logging.properties
09-Nov-2020 16:06:17.321 信息 [main] org.apache.catalina.startup.VersionLoggerListener.log Command line argument: -Djava.util.logging.manager=org.apache.juli.ClassLoaderLogManager
09-Nov-2020 16:06:17.321 信息 [main] org.apache.catalina.startup.VersionLoggerListener.log Command line argument: -Djdk.tls.ephemeralDHKeySize=2048
09-Nov-2020 16:06:17.321 信息 [main] org.apache.catalina.startup.VersionLoggerListener.log Command line argument: -Djava.protocol.handler.pkgs=org.apache.catalina.webresources
09-Nov-2020 16:06:17.322 信息 [main] org.apache.catalina.startup.VersionLoggerListener.log Command line argument: -Dignore.endorsed.dirs=
09-Nov-2020 16:06:17.322 信息 [main] org.apache.catalina.startup.VersionLoggerListener.log Command line argument: -Dcatalina.base=d:\Users\Administrator\Desktop\java23班\第四五阶段\02-CRM\02-CRM\02_演示项目\tomcat-crm
09-Nov-2020 16:06:17.322 信息 [main] org.apache.catalina.startup.VersionLoggerListener.log Command line argument: -Dcatalina.home=d:\Users\Administrator\Desktop\java23班\第四五阶段\02-CRM\02-CRM\02_演示项目\tomcat-crm
09-Nov-2020 16:06:17.323 信息 [main] org.apache.catalina.startup.VersionLoggerListener.log Command line argument: -Djava.io.tmpdir=d:\Users\Administrator\Desktop\java23班\第四五阶段\02-CRM\02-CRM\02_演示项目\tomcat-crm\temp
09-Nov-2020 16:06:17.323 信息 [main] org.apache.catalina.core.AprLifecycleListener.lifecycleEvent Loaded APR based Apache Tomcat Native library 1.2.16 using APR version 1.6.3.
09-Nov-2020 16:06:17.324 信息 [main] org.apache.catalina.core.AprLifecycleListener.lifecycleEvent APR capabilities: IPv6 [true], sendfile [true], accept filters [false], random [true].
09-Nov-2020 16:06:18.054 信息 [main] org.apache.catalina.core.AprLifecycleListener.initializeSSL OpenSSL successfully initialized (OpenSSL 1.0.2m  2 Nov 2017)
09-Nov-2020 16:06:18.166 信息 [main] org.apache.coyote.AbstractProtocol.init Initializing ProtocolHandler ["http-apr-8080"]
09-Nov-2020 16:06:18.183 严重 [main] org.apache.coyote.AbstractProtocol.init Failed to initialize end point associated with ProtocolHandler ["http-apr-8080"]
 java.lang.Exception: Socket bind failed: [730013] ???????????????í????×??????·??????×?
	at org.apache.tomcat.util.net.AprEndpoint.bind(AprEndpoint.java:471)
	at org.apache.tomcat.util.net.AbstractEndpoint.init(AbstractEndpoint.java:823)
	at org.apache.coyote.AbstractProtocol.init(AbstractProtocol.java:476)
	at org.apache.catalina.connector.Connector.initInternal(Connector.java:960)
	at org.apache.catalina.util.LifecycleBase.init(LifecycleBase.java:102)
	at org.apache.catalina.core.StandardService.initInternal(StandardService.java:568)
	at org.apache.catalina.util.LifecycleBase.init(LifecycleBase.java:102)
	at org.apache.catalina.core.StandardServer.initInternal(StandardServer.java:871)
	at org.apache.catalina.util.LifecycleBase.init(LifecycleBase.java:102)
	at org.apache.catalina.startup.Catalina.load(Catalina.java:592)
	at org.apache.catalina.startup.Catalina.load(Catalina.java:615)
	at sun.reflect.NativeMethodAccessorImpl.invoke0(Native Method)
	at sun.reflect.NativeMethodAccessorImpl.invoke(NativeMethodAccessorImpl.java:62)
	at sun.reflect.DelegatingMethodAccessorImpl.invoke(DelegatingMethodAccessorImpl.java:43)
	at java.lang.reflect.Method.invoke(Method.java:498)
	at org.apache.catalina.startup.Bootstrap.load(Bootstrap.java:308)
	at org.apache.catalina.startup.Bootstrap.main(Bootstrap.java:482)

09-Nov-2020 16:06:18.184 严重 [main] org.apache.catalina.core.StandardService.initInternal Failed to initialize connector [Connector[HTTP/1.1-8080]]
 org.apache.catalina.LifecycleException: Failed to initialize component [Connector[HTTP/1.1-8080]]
	at org.apache.catalina.util.LifecycleBase.init(LifecycleBase.java:107)
	at org.apache.catalina.core.StandardService.initInternal(StandardService.java:568)
	at org.apache.catalina.util.LifecycleBase.init(LifecycleBase.java:102)
	at org.apache.catalina.core.StandardServer.initInternal(StandardServer.java:871)
	at org.apache.catalina.util.LifecycleBase.init(LifecycleBase.java:102)
	at org.apache.catalina.startup.Catalina.load(Catalina.java:592)
	at org.apache.catalina.startup.Catalina.load(Catalina.java:615)
	at sun.reflect.NativeMethodAccessorImpl.invoke0(Native Method)
	at sun.reflect.NativeMethodAccessorImpl.invoke(NativeMethodAccessorImpl.java:62)
	at sun.reflect.DelegatingMethodAccessorImpl.invoke(DelegatingMethodAccessorImpl.java:43)
	at java.lang.reflect.Method.invoke(Method.java:498)
	at org.apache.catalina.startup.Bootstrap.load(Bootstrap.java:308)
	at org.apache.catalina.startup.Bootstrap.main(Bootstrap.java:482)
Caused by: org.apache.catalina.LifecycleException: Protocol handler initialization failed
	at org.apache.catalina.connector.Connector.initInternal(Connector.java:962)
	at org.apache.catalina.util.LifecycleBase.init(LifecycleBase.java:102)
	... 12 more
Caused by: java.lang.Exception: Socket bind failed: [730013] ???????????????í????×??????·??????×?
	at org.apache.tomcat.util.net.AprEndpoint.bind(AprEndpoint.java:471)
	at org.apache.tomcat.util.net.AbstractEndpoint.init(AbstractEndpoint.java:823)
	at org.apache.coyote.AbstractProtocol.init(AbstractProtocol.java:476)
	at org.apache.catalina.connector.Connector.initInternal(Connector.java:960)
	... 13 more

09-Nov-2020 16:06:18.187 信息 [main] org.apache.coyote.AbstractProtocol.init Initializing ProtocolHandler ["ajp-apr-8008"]
09-Nov-2020 16:06:18.189 信息 [main] org.apache.catalina.startup.Catalina.load Initialization processed in 1322 ms
09-Nov-2020 16:06:18.222 信息 [main] org.apache.catalina.core.StandardService.startInternal Starting service Catalina
09-Nov-2020 16:06:18.222 信息 [main] org.apache.catalina.core.StandardEngine.startInternal Starting Servlet Engine: Apache Tomcat/8.0.50
09-Nov-2020 16:06:18.263 信息 [localhost-startStop-1] org.apache.catalina.startup.HostConfig.deployDirectory Deploying web application directory D:\Users\Administrator\Desktop\java23班\第四五阶段\02-CRM\02-CRM\02_演示项目\tomcat-crm\webapps\ROOT
09-Nov-2020 16:06:24.001 信息 [localhost-startStop-1] org.apache.jasper.servlet.TldScanner.scanJars At least one JAR was scanned for TLDs yet contained no TLDs. Enable debug logging for this logger for a complete list of JARs that were scanned but no TLDs were found in them. Skipping unneeded JARs during scanning can improve startup time and JSP compilation time.
09-Nov-2020 16:06:24.329 警告 [localhost-startStop-1] org.apache.catalina.util.SessionIdGeneratorBase.createSecureRandom Creation of SecureRandom instance for session ID generation using [SHA1PRNG] took [284] milliseconds.
09-Nov-2020 16:07:17.294 信息 [main] org.apache.catalina.startup.VersionLoggerListener.log Server version:        Apache Tomcat/8.0.50
09-Nov-2020 16:07:17.296 信息 [main] org.apache.catalina.startup.VersionLoggerListener.log Server built:          Feb 7 2018 20:06:05 UTC
09-Nov-2020 16:07:17.296 信息 [main] org.apache.catalina.startup.VersionLoggerListener.log Server number:         8.0.50.0
09-Nov-2020 16:07:17.297 信息 [main] org.apache.catalina.startup.VersionLoggerListener.log OS Name:               Windows 10
09-Nov-2020 16:07:17.297 信息 [main] org.apache.catalina.startup.VersionLoggerListener.log OS Version:            10.0
09-Nov-2020 16:07:17.297 信息 [main] org.apache.catalina.startup.VersionLoggerListener.log Architecture:          amd64
09-Nov-2020 16:07:17.297 信息 [main] org.apache.catalina.startup.VersionLoggerListener.log Java Home:             D:\jdk1.8.0_151\jre
09-Nov-2020 16:07:17.297 信息 [main] org.apache.catalina.startup.VersionLoggerListener.log JVM Version:           1.8.0_151-b12
09-Nov-2020 16:07:17.297 信息 [main] org.apache.catalina.startup.VersionLoggerListener.log JVM Vendor:            Oracle Corporation
09-Nov-2020 16:07:17.297 信息 [main] org.apache.catalina.startup.VersionLoggerListener.log CATALINA_BASE:         D:\Users\Administrator\Desktop\java23班\第四五阶段\02-CRM\02-CRM\02_演示项目\tomcat-crm
09-Nov-2020 16:07:17.298 信息 [main] org.apache.catalina.startup.VersionLoggerListener.log CATALINA_HOME:         D:\Users\Administrator\Desktop\java23班\第四五阶段\02-CRM\02-CRM\02_演示项目\tomcat-crm
09-Nov-2020 16:07:17.298 信息 [main] org.apache.catalina.startup.VersionLoggerListener.log Command line argument: -Djava.util.logging.config.file=d:\Users\Administrator\Desktop\java23班\第四五阶段\02-CRM\02-CRM\02_演示项目\tomcat-crm\conf\logging.properties
09-Nov-2020 16:07:17.298 信息 [main] org.apache.catalina.startup.VersionLoggerListener.log Command line argument: -Djava.util.logging.manager=org.apache.juli.ClassLoaderLogManager
09-Nov-2020 16:07:17.298 信息 [main] org.apache.catalina.startup.VersionLoggerListener.log Command line argument: -Djdk.tls.ephemeralDHKeySize=2048
09-Nov-2020 16:07:17.299 信息 [main] org.apache.catalina.startup.VersionLoggerListener.log Command line argument: -Djava.protocol.handler.pkgs=org.apache.catalina.webresources
09-Nov-2020 16:07:17.299 信息 [main] org.apache.catalina.startup.VersionLoggerListener.log Command line argument: -Dignore.endorsed.dirs=
09-Nov-2020 16:07:17.299 信息 [main] org.apache.catalina.startup.VersionLoggerListener.log Command line argument: -Dcatalina.base=d:\Users\Administrator\Desktop\java23班\第四五阶段\02-CRM\02-CRM\02_演示项目\tomcat-crm
09-Nov-2020 16:07:17.300 信息 [main] org.apache.catalina.startup.VersionLoggerListener.log Command line argument: -Dcatalina.home=d:\Users\Administrator\Desktop\java23班\第四五阶段\02-CRM\02-CRM\02_演示项目\tomcat-crm
09-Nov-2020 16:07:17.300 信息 [main] org.apache.catalina.startup.VersionLoggerListener.log Command line argument: -Djava.io.tmpdir=d:\Users\Administrator\Desktop\java23班\第四五阶段\02-CRM\02-CRM\02_演示项目\tomcat-crm\temp
09-Nov-2020 16:07:17.300 信息 [main] org.apache.catalina.core.AprLifecycleListener.lifecycleEvent Loaded APR based Apache Tomcat Native library 1.2.16 using APR version 1.6.3.
09-Nov-2020 16:07:17.301 信息 [main] org.apache.catalina.core.AprLifecycleListener.lifecycleEvent APR capabilities: IPv6 [true], sendfile [true], accept filters [false], random [true].
09-Nov-2020 16:07:18.020 信息 [main] org.apache.catalina.core.AprLifecycleListener.initializeSSL OpenSSL successfully initialized (OpenSSL 1.0.2m  2 Nov 2017)
09-Nov-2020 16:07:18.123 信息 [main] org.apache.coyote.AbstractProtocol.init Initializing ProtocolHandler ["http-apr-8080"]
09-Nov-2020 16:07:18.138 严重 [main] org.apache.coyote.AbstractProtocol.init Failed to initialize end point associated with ProtocolHandler ["http-apr-8080"]
 java.lang.Exception: Socket bind failed: [730013] ???????????????í????×??????·??????×?
	at org.apache.tomcat.util.net.AprEndpoint.bind(AprEndpoint.java:471)
	at org.apache.tomcat.util.net.AbstractEndpoint.init(AbstractEndpoint.java:823)
	at org.apache.coyote.AbstractProtocol.init(AbstractProtocol.java:476)
	at org.apache.catalina.connector.Connector.initInternal(Connector.java:960)
	at org.apache.catalina.util.LifecycleBase.init(LifecycleBase.java:102)
	at org.apache.catalina.core.StandardService.initInternal(StandardService.java:568)
	at org.apache.catalina.util.LifecycleBase.init(LifecycleBase.java:102)
	at org.apache.catalina.core.StandardServer.initInternal(StandardServer.java:871)
	at org.apache.catalina.util.LifecycleBase.init(LifecycleBase.java:102)
	at org.apache.catalina.startup.Catalina.load(Catalina.java:592)
	at org.apache.catalina.startup.Catalina.load(Catalina.java:615)
	at sun.reflect.NativeMethodAccessorImpl.invoke0(Native Method)
	at sun.reflect.NativeMethodAccessorImpl.invoke(NativeMethodAccessorImpl.java:62)
	at sun.reflect.DelegatingMethodAccessorImpl.invoke(DelegatingMethodAccessorImpl.java:43)
	at java.lang.reflect.Method.invoke(Method.java:498)
	at org.apache.catalina.startup.Bootstrap.load(Bootstrap.java:308)
	at org.apache.catalina.startup.Bootstrap.main(Bootstrap.java:482)

09-Nov-2020 16:07:18.140 严重 [main] org.apache.catalina.core.StandardService.initInternal Failed to initialize connector [Connector[HTTP/1.1-8080]]
 org.apache.catalina.LifecycleException: Failed to initialize component [Connector[HTTP/1.1-8080]]
	at org.apache.catalina.util.LifecycleBase.init(LifecycleBase.java:107)
	at org.apache.catalina.core.StandardService.initInternal(StandardService.java:568)
	at org.apache.catalina.util.LifecycleBase.init(LifecycleBase.java:102)
	at org.apache.catalina.core.StandardServer.initInternal(StandardServer.java:871)
	at org.apache.catalina.util.LifecycleBase.init(LifecycleBase.java:102)
	at org.apache.catalina.startup.Catalina.load(Catalina.java:592)
	at org.apache.catalina.startup.Catalina.load(Catalina.java:615)
	at sun.reflect.NativeMethodAccessorImpl.invoke0(Native Method)
	at sun.reflect.NativeMethodAccessorImpl.invoke(NativeMethodAccessorImpl.java:62)
	at sun.reflect.DelegatingMethodAccessorImpl.invoke(DelegatingMethodAccessorImpl.java:43)
	at java.lang.reflect.Method.invoke(Method.java:498)
	at org.apache.catalina.startup.Bootstrap.load(Bootstrap.java:308)
	at org.apache.catalina.startup.Bootstrap.main(Bootstrap.java:482)
Caused by: org.apache.catalina.LifecycleException: Protocol handler initialization failed
	at org.apache.catalina.connector.Connector.initInternal(Connector.java:962)
	at org.apache.catalina.util.LifecycleBase.init(LifecycleBase.java:102)
	... 12 more
Caused by: java.lang.Exception: Socket bind failed: [730013] ???????????????í????×??????·??????×?
	at org.apache.tomcat.util.net.AprEndpoint.bind(AprEndpoint.java:471)
	at org.apache.tomcat.util.net.AbstractEndpoint.init(AbstractEndpoint.java:823)
	at org.apache.coyote.AbstractProtocol.init(AbstractProtocol.java:476)
	at org.apache.catalina.connector.Connector.initInternal(Connector.java:960)
	... 13 more

09-Nov-2020 16:07:18.141 信息 [main] org.apache.coyote.AbstractProtocol.init Initializing ProtocolHandler ["ajp-apr-8008"]
09-Nov-2020 16:07:18.143 信息 [main] org.apache.catalina.startup.Catalina.load Initialization processed in 1160 ms
09-Nov-2020 16:07:18.174 信息 [main] org.apache.catalina.core.StandardService.startInternal Starting service Catalina
09-Nov-2020 16:07:18.175 信息 [main] org.apache.catalina.core.StandardEngine.startInternal Starting Servlet Engine: Apache Tomcat/8.0.50
09-Nov-2020 16:07:18.186 信息 [localhost-startStop-1] org.apache.catalina.startup.HostConfig.deployDirectory Deploying web application directory D:\Users\Administrator\Desktop\java23班\第四五阶段\02-CRM\02-CRM\02_演示项目\tomcat-crm\webapps\ROOT
09-Nov-2020 16:07:21.630 信息 [localhost-startStop-1] org.apache.jasper.servlet.TldScanner.scanJars At least one JAR was scanned for TLDs yet contained no TLDs. Enable debug logging for this logger for a complete list of JARs that were scanned but no TLDs were found in them. Skipping unneeded JARs during scanning can improve startup time and JSP compilation time.
09-Nov-2020 16:07:22.002 警告 [localhost-startStop-1] org.apache.catalina.util.SessionIdGeneratorBase.createSecureRandom Creation of SecureRandom instance for session ID generation using [SHA1PRNG] took [332] milliseconds.
09-Nov-2020 16:07:58.132 信息 [main] org.apache.catalina.startup.VersionLoggerListener.log Server version:        Apache Tomcat/8.0.50
09-Nov-2020 16:07:58.134 信息 [main] org.apache.catalina.startup.VersionLoggerListener.log Server built:          Feb 7 2018 20:06:05 UTC
09-Nov-2020 16:07:58.135 信息 [main] org.apache.catalina.startup.VersionLoggerListener.log Server number:         8.0.50.0
09-Nov-2020 16:07:58.135 信息 [main] org.apache.catalina.startup.VersionLoggerListener.log OS Name:               Windows 10
09-Nov-2020 16:07:58.135 信息 [main] org.apache.catalina.startup.VersionLoggerListener.log OS Version:            10.0
09-Nov-2020 16:07:58.135 信息 [main] org.apache.catalina.startup.VersionLoggerListener.log Architecture:          amd64
09-Nov-2020 16:07:58.136 信息 [main] org.apache.catalina.startup.VersionLoggerListener.log Java Home:             D:\jdk1.8.0_151\jre
09-Nov-2020 16:07:58.136 信息 [main] org.apache.catalina.startup.VersionLoggerListener.log JVM Version:           1.8.0_151-b12
09-Nov-2020 16:07:58.136 信息 [main] org.apache.catalina.startup.VersionLoggerListener.log JVM Vendor:            Oracle Corporation
09-Nov-2020 16:07:58.136 信息 [main] org.apache.catalina.startup.VersionLoggerListener.log CATALINA_BASE:         D:\Users\Administrator\Desktop\java23班\第四五阶段\02-CRM\02-CRM\02_演示项目\tomcat-crm
09-Nov-2020 16:07:58.136 信息 [main] org.apache.catalina.startup.VersionLoggerListener.log CATALINA_HOME:         D:\Users\Administrator\Desktop\java23班\第四五阶段\02-CRM\02-CRM\02_演示项目\tomcat-crm
09-Nov-2020 16:07:58.137 信息 [main] org.apache.catalina.startup.VersionLoggerListener.log Command line argument: -Djava.util.logging.config.file=d:\Users\Administrator\Desktop\java23班\第四五阶段\02-CRM\02-CRM\02_演示项目\tomcat-crm\conf\logging.properties
09-Nov-2020 16:07:58.137 信息 [main] org.apache.catalina.startup.VersionLoggerListener.log Command line argument: -Djava.util.logging.manager=org.apache.juli.ClassLoaderLogManager
09-Nov-2020 16:07:58.137 信息 [main] org.apache.catalina.startup.VersionLoggerListener.log Command line argument: -Djdk.tls.ephemeralDHKeySize=2048
09-Nov-2020 16:07:58.137 信息 [main] org.apache.catalina.startup.VersionLoggerListener.log Command line argument: -Djava.protocol.handler.pkgs=org.apache.catalina.webresources
09-Nov-2020 16:07:58.138 信息 [main] org.apache.catalina.startup.VersionLoggerListener.log Command line argument: -Dignore.endorsed.dirs=
09-Nov-2020 16:07:58.138 信息 [main] org.apache.catalina.startup.VersionLoggerListener.log Command line argument: -Dcatalina.base=d:\Users\Administrator\Desktop\java23班\第四五阶段\02-CRM\02-CRM\02_演示项目\tomcat-crm
09-Nov-2020 16:07:58.138 信息 [main] org.apache.catalina.startup.VersionLoggerListener.log Command line argument: -Dcatalina.home=d:\Users\Administrator\Desktop\java23班\第四五阶段\02-CRM\02-CRM\02_演示项目\tomcat-crm
09-Nov-2020 16:07:58.139 信息 [main] org.apache.catalina.startup.VersionLoggerListener.log Command line argument: -Djava.io.tmpdir=d:\Users\Administrator\Desktop\java23班\第四五阶段\02-CRM\02-CRM\02_演示项目\tomcat-crm\temp
09-Nov-2020 16:07:58.139 信息 [main] org.apache.catalina.core.AprLifecycleListener.lifecycleEvent Loaded APR based Apache Tomcat Native library 1.2.16 using APR version 1.6.3.
09-Nov-2020 16:07:58.140 信息 [main] org.apache.catalina.core.AprLifecycleListener.lifecycleEvent APR capabilities: IPv6 [true], sendfile [true], accept filters [false], random [true].
09-Nov-2020 16:07:58.874 信息 [main] org.apache.catalina.core.AprLifecycleListener.initializeSSL OpenSSL successfully initialized (OpenSSL 1.0.2m  2 Nov 2017)
09-Nov-2020 16:07:58.979 信息 [main] org.apache.coyote.AbstractProtocol.init Initializing ProtocolHandler ["http-apr-8080"]
09-Nov-2020 16:07:58.992 信息 [main] org.apache.coyote.AbstractProtocol.init Initializing ProtocolHandler ["ajp-apr-8008"]
09-Nov-2020 16:07:58.993 信息 [main] org.apache.catalina.startup.Catalina.load Initialization processed in 1157 ms
09-Nov-2020 16:07:59.024 信息 [main] org.apache.catalina.core.StandardService.startInternal Starting service Catalina
09-Nov-2020 16:07:59.024 信息 [main] org.apache.catalina.core.StandardEngine.startInternal Starting Servlet Engine: Apache Tomcat/8.0.50
09-Nov-2020 16:07:59.035 信息 [localhost-startStop-1] org.apache.catalina.startup.HostConfig.deployDirectory Deploying web application directory D:\Users\Administrator\Desktop\java23班\第四五阶段\02-CRM\02-CRM\02_演示项目\tomcat-crm\webapps\ROOT
09-Nov-2020 16:08:02.435 信息 [localhost-startStop-1] org.apache.jasper.servlet.TldScanner.scanJars At least one JAR was scanned for TLDs yet contained no TLDs. Enable debug logging for this logger for a complete list of JARs that were scanned but no TLDs were found in them. Skipping unneeded JARs during scanning can improve startup time and JSP compilation time.
09-Nov-2020 16:08:02.735 警告 [localhost-startStop-1] org.apache.catalina.util.SessionIdGeneratorBase.createSecureRandom Creation of SecureRandom instance for session ID generation using [SHA1PRNG] took [259] milliseconds.
09-Nov-2020 16:08:08.272 信息 [localhost-startStop-1] org.apache.catalina.startup.HostConfig.deployDirectory Deployment of web application directory D:\Users\Administrator\Desktop\java23班\第四五阶段\02-CRM\02-CRM\02_演示项目\tomcat-crm\webapps\ROOT has finished in 9,237 ms
09-Nov-2020 16:08:08.274 信息 [main] org.apache.coyote.AbstractProtocol.start Starting ProtocolHandler ["http-apr-8080"]
09-Nov-2020 16:08:08.299 信息 [main] org.apache.coyote.AbstractProtocol.start Starting ProtocolHandler ["ajp-apr-8008"]
09-Nov-2020 16:08:08.304 信息 [main] org.apache.catalina.startup.Catalina.start Server startup in 9310 ms
