03-Nov-2020 10:53:35.963 信息 [main] org.apache.catalina.startup.VersionLoggerListener.log Server version:        Apache Tomcat/8.0.50
03-Nov-2020 10:53:35.966 信息 [main] org.apache.catalina.startup.VersionLoggerListener.log Server built:          Feb 7 2018 20:06:05 UTC
03-Nov-2020 10:53:35.967 信息 [main] org.apache.catalina.startup.VersionLoggerListener.log Server number:         8.0.50.0
03-Nov-2020 10:53:35.967 信息 [main] org.apache.catalina.startup.VersionLoggerListener.log OS Name:               Windows 10
03-Nov-2020 10:53:35.967 信息 [main] org.apache.catalina.startup.VersionLoggerListener.log OS Version:            10.0
03-Nov-2020 10:53:35.968 信息 [main] org.apache.catalina.startup.VersionLoggerListener.log Architecture:          amd64
03-Nov-2020 10:53:35.968 信息 [main] org.apache.catalina.startup.VersionLoggerListener.log Java Home:             D:\jdk1.8.0_151\jre
03-Nov-2020 10:53:35.968 信息 [main] org.apache.catalina.startup.VersionLoggerListener.log JVM Version:           1.8.0_151-b12
03-Nov-2020 10:53:35.968 信息 [main] org.apache.catalina.startup.VersionLoggerListener.log JVM Vendor:            Oracle Corporation
03-Nov-2020 10:53:35.968 信息 [main] org.apache.catalina.startup.VersionLoggerListener.log CATALINA_BASE:         D:\Users\Administrator\Desktop\java23班\第四阶段\02-CRM\02-CRM\02_演示项目\tomcat-crm
03-Nov-2020 10:53:35.968 信息 [main] org.apache.catalina.startup.VersionLoggerListener.log CATALINA_HOME:         D:\Users\Administrator\Desktop\java23班\第四阶段\02-CRM\02-CRM\02_演示项目\tomcat-crm
03-Nov-2020 10:53:35.968 信息 [main] org.apache.catalina.startup.VersionLoggerListener.log Command line argument: -Djava.util.logging.config.file=d:\Users\Administrator\Desktop\java23班\第四阶段\02-CRM\02-CRM\02_演示项目\tomcat-crm\conf\logging.properties
03-Nov-2020 10:53:35.969 信息 [main] org.apache.catalina.startup.VersionLoggerListener.log Command line argument: -Djava.util.logging.manager=org.apache.juli.ClassLoaderLogManager
03-Nov-2020 10:53:35.969 信息 [main] org.apache.catalina.startup.VersionLoggerListener.log Command line argument: -Djdk.tls.ephemeralDHKeySize=2048
03-Nov-2020 10:53:35.969 信息 [main] org.apache.catalina.startup.VersionLoggerListener.log Command line argument: -Djava.protocol.handler.pkgs=org.apache.catalina.webresources
03-Nov-2020 10:53:35.969 信息 [main] org.apache.catalina.startup.VersionLoggerListener.log Command line argument: -Dignore.endorsed.dirs=
03-Nov-2020 10:53:35.969 信息 [main] org.apache.catalina.startup.VersionLoggerListener.log Command line argument: -Dcatalina.base=d:\Users\Administrator\Desktop\java23班\第四阶段\02-CRM\02-CRM\02_演示项目\tomcat-crm
03-Nov-2020 10:53:35.969 信息 [main] org.apache.catalina.startup.VersionLoggerListener.log Command line argument: -Dcatalina.home=d:\Users\Administrator\Desktop\java23班\第四阶段\02-CRM\02-CRM\02_演示项目\tomcat-crm
03-Nov-2020 10:53:35.969 信息 [main] org.apache.catalina.startup.VersionLoggerListener.log Command line argument: -Djava.io.tmpdir=d:\Users\Administrator\Desktop\java23班\第四阶段\02-CRM\02-CRM\02_演示项目\tomcat-crm\temp
03-Nov-2020 10:53:35.969 信息 [main] org.apache.catalina.core.AprLifecycleListener.lifecycleEvent Loaded APR based Apache Tomcat Native library 1.2.16 using APR version 1.6.3.
03-Nov-2020 10:53:35.970 信息 [main] org.apache.catalina.core.AprLifecycleListener.lifecycleEvent APR capabilities: IPv6 [true], sendfile [true], accept filters [false], random [true].
03-Nov-2020 10:53:36.798 信息 [main] org.apache.catalina.core.AprLifecycleListener.initializeSSL OpenSSL successfully initialized (OpenSSL 1.0.2m  2 Nov 2017)
03-Nov-2020 10:53:36.964 信息 [main] org.apache.coyote.AbstractProtocol.init Initializing ProtocolHandler ["http-apr-8080"]
03-Nov-2020 10:53:36.979 信息 [main] org.apache.coyote.AbstractProtocol.init Initializing ProtocolHandler ["ajp-apr-8008"]
03-Nov-2020 10:53:36.981 信息 [main] org.apache.catalina.startup.Catalina.load Initialization processed in 1491 ms
03-Nov-2020 10:53:37.027 信息 [main] org.apache.catalina.core.StandardService.startInternal Starting service Catalina
03-Nov-2020 10:53:37.029 信息 [main] org.apache.catalina.core.StandardEngine.startInternal Starting Servlet Engine: Apache Tomcat/8.0.50
03-Nov-2020 10:53:37.047 信息 [localhost-startStop-1] org.apache.catalina.startup.HostConfig.deployDirectory Deploying web application directory D:\Users\Administrator\Desktop\java23班\第四阶段\02-CRM\02-CRM\02_演示项目\tomcat-crm\webapps\ROOT
03-Nov-2020 10:53:43.003 信息 [localhost-startStop-1] org.apache.jasper.servlet.TldScanner.scanJars At least one JAR was scanned for TLDs yet contained no TLDs. Enable debug logging for this logger for a complete list of JARs that were scanned but no TLDs were found in them. Skipping unneeded JARs during scanning can improve startup time and JSP compilation time.
03-Nov-2020 10:53:43.362 警告 [localhost-startStop-1] org.apache.catalina.util.SessionIdGeneratorBase.createSecureRandom Creation of SecureRandom instance for session ID generation using [SHA1PRNG] took [304] milliseconds.
03-Nov-2020 10:53:50.697 信息 [localhost-startStop-1] org.apache.catalina.startup.HostConfig.deployDirectory Deployment of web application directory D:\Users\Administrator\Desktop\java23班\第四阶段\02-CRM\02-CRM\02_演示项目\tomcat-crm\webapps\ROOT has finished in 13,650 ms
03-Nov-2020 10:53:50.699 信息 [main] org.apache.coyote.AbstractProtocol.start Starting ProtocolHandler ["http-apr-8080"]
03-Nov-2020 10:53:50.712 信息 [main] org.apache.coyote.AbstractProtocol.start Starting ProtocolHandler ["ajp-apr-8008"]
03-Nov-2020 10:53:50.716 信息 [main] org.apache.catalina.startup.Catalina.start Server startup in 13734 ms
