11-Dec-2020 17:13:29.497 信息 [main] org.apache.catalina.startup.VersionLoggerListener.log Server version:        Apache Tomcat/8.0.50
11-Dec-2020 17:13:29.499 信息 [main] org.apache.catalina.startup.VersionLoggerListener.log Server built:          Feb 7 2018 20:06:05 UTC
11-Dec-2020 17:13:29.502 信息 [main] org.apache.catalina.startup.VersionLoggerListener.log Server number:         8.0.50.0
11-Dec-2020 17:13:29.502 信息 [main] org.apache.catalina.startup.VersionLoggerListener.log OS Name:               Windows 10
11-Dec-2020 17:13:29.502 信息 [main] org.apache.catalina.startup.VersionLoggerListener.log OS Version:            10.0
11-Dec-2020 17:13:29.502 信息 [main] org.apache.catalina.startup.VersionLoggerListener.log Architecture:          amd64
11-Dec-2020 17:13:29.502 信息 [main] org.apache.catalina.startup.VersionLoggerListener.log Java Home:             D:\jdk1.8.0_151\jre
11-Dec-2020 17:13:29.502 信息 [main] org.apache.catalina.startup.VersionLoggerListener.log JVM Version:           1.8.0_151-b12
11-Dec-2020 17:13:29.502 信息 [main] org.apache.catalina.startup.VersionLoggerListener.log JVM Vendor:            Oracle Corporation
11-Dec-2020 17:13:29.502 信息 [main] org.apache.catalina.startup.VersionLoggerListener.log CATALINA_BASE:         D:\Users\Administrator\Desktop\java23班\第四五阶段\02-CRM\02-CRM\02_演示项目\tomcat-crm
11-Dec-2020 17:13:29.503 信息 [main] org.apache.catalina.startup.VersionLoggerListener.log CATALINA_HOME:         D:\Users\Administrator\Desktop\java23班\第四五阶段\02-CRM\02-CRM\02_演示项目\tomcat-crm
11-Dec-2020 17:13:29.503 信息 [main] org.apache.catalina.startup.VersionLoggerListener.log Command line argument: -Djava.util.logging.config.file=d:\Users\Administrator\Desktop\java23班\第四五阶段\02-CRM\02-CRM\02_演示项目\tomcat-crm\conf\logging.properties
11-Dec-2020 17:13:29.503 信息 [main] org.apache.catalina.startup.VersionLoggerListener.log Command line argument: -Djava.util.logging.manager=org.apache.juli.ClassLoaderLogManager
11-Dec-2020 17:13:29.503 信息 [main] org.apache.catalina.startup.VersionLoggerListener.log Command line argument: -Djdk.tls.ephemeralDHKeySize=2048
11-Dec-2020 17:13:29.503 信息 [main] org.apache.catalina.startup.VersionLoggerListener.log Command line argument: -Djava.protocol.handler.pkgs=org.apache.catalina.webresources
11-Dec-2020 17:13:29.503 信息 [main] org.apache.catalina.startup.VersionLoggerListener.log Command line argument: -Dignore.endorsed.dirs=
11-Dec-2020 17:13:29.503 信息 [main] org.apache.catalina.startup.VersionLoggerListener.log Command line argument: -Dcatalina.base=d:\Users\Administrator\Desktop\java23班\第四五阶段\02-CRM\02-CRM\02_演示项目\tomcat-crm
11-Dec-2020 17:13:29.504 信息 [main] org.apache.catalina.startup.VersionLoggerListener.log Command line argument: -Dcatalina.home=d:\Users\Administrator\Desktop\java23班\第四五阶段\02-CRM\02-CRM\02_演示项目\tomcat-crm
11-Dec-2020 17:13:29.505 信息 [main] org.apache.catalina.startup.VersionLoggerListener.log Command line argument: -Djava.io.tmpdir=d:\Users\Administrator\Desktop\java23班\第四五阶段\02-CRM\02-CRM\02_演示项目\tomcat-crm\temp
11-Dec-2020 17:13:29.506 信息 [main] org.apache.catalina.core.AprLifecycleListener.lifecycleEvent Loaded APR based Apache Tomcat Native library 1.2.16 using APR version 1.6.3.
11-Dec-2020 17:13:29.506 信息 [main] org.apache.catalina.core.AprLifecycleListener.lifecycleEvent APR capabilities: IPv6 [true], sendfile [true], accept filters [false], random [true].
11-Dec-2020 17:13:30.097 信息 [main] org.apache.catalina.core.AprLifecycleListener.initializeSSL OpenSSL successfully initialized (OpenSSL 1.0.2m  2 Nov 2017)
11-Dec-2020 17:13:30.205 信息 [main] org.apache.coyote.AbstractProtocol.init Initializing ProtocolHandler ["http-apr-8080"]
11-Dec-2020 17:13:30.219 信息 [main] org.apache.coyote.AbstractProtocol.init Initializing ProtocolHandler ["ajp-apr-8008"]
11-Dec-2020 17:13:30.220 信息 [main] org.apache.catalina.startup.Catalina.load Initialization processed in 1240 ms
11-Dec-2020 17:13:30.254 信息 [main] org.apache.catalina.core.StandardService.startInternal Starting service Catalina
11-Dec-2020 17:13:30.255 信息 [main] org.apache.catalina.core.StandardEngine.startInternal Starting Servlet Engine: Apache Tomcat/8.0.50
11-Dec-2020 17:13:30.302 信息 [localhost-startStop-1] org.apache.catalina.startup.HostConfig.deployDirectory Deploying web application directory D:\Users\Administrator\Desktop\java23班\第四五阶段\02-CRM\02-CRM\02_演示项目\tomcat-crm\webapps\ROOT
11-Dec-2020 17:13:35.733 信息 [localhost-startStop-1] org.apache.jasper.servlet.TldScanner.scanJars At least one JAR was scanned for TLDs yet contained no TLDs. Enable debug logging for this logger for a complete list of JARs that were scanned but no TLDs were found in them. Skipping unneeded JARs during scanning can improve startup time and JSP compilation time.
11-Dec-2020 17:13:35.927 警告 [localhost-startStop-1] org.apache.catalina.util.SessionIdGeneratorBase.createSecureRandom Creation of SecureRandom instance for session ID generation using [SHA1PRNG] took [154] milliseconds.
11-Dec-2020 17:13:41.073 信息 [localhost-startStop-1] org.apache.catalina.startup.HostConfig.deployDirectory Deployment of web application directory D:\Users\Administrator\Desktop\java23班\第四五阶段\02-CRM\02-CRM\02_演示项目\tomcat-crm\webapps\ROOT has finished in 10,772 ms
11-Dec-2020 17:13:41.077 信息 [main] org.apache.coyote.AbstractProtocol.start Starting ProtocolHandler ["http-apr-8080"]
11-Dec-2020 17:13:41.091 信息 [main] org.apache.coyote.AbstractProtocol.start Starting ProtocolHandler ["ajp-apr-8008"]
11-Dec-2020 17:13:41.094 信息 [main] org.apache.catalina.startup.Catalina.start Server startup in 10873 ms
