10-Jun-2021 09:31:57.571 信息 [main] org.apache.catalina.startup.VersionLoggerListener.log Server version:        Apache Tomcat/8.0.50
10-Jun-2021 09:31:57.574 信息 [main] org.apache.catalina.startup.VersionLoggerListener.log Server built:          Feb 7 2018 20:06:05 UTC
10-Jun-2021 09:31:57.574 信息 [main] org.apache.catalina.startup.VersionLoggerListener.log Server number:         8.0.50.0
10-Jun-2021 09:31:57.575 信息 [main] org.apache.catalina.startup.VersionLoggerListener.log OS Name:               Windows 10
10-Jun-2021 09:31:57.575 信息 [main] org.apache.catalina.startup.VersionLoggerListener.log OS Version:            10.0
10-Jun-2021 09:31:57.575 信息 [main] org.apache.catalina.startup.VersionLoggerListener.log Architecture:          amd64
10-Jun-2021 09:31:57.575 信息 [main] org.apache.catalina.startup.VersionLoggerListener.log Java Home:             C:\jdk1.8.0_151\jre
10-Jun-2021 09:31:57.575 信息 [main] org.apache.catalina.startup.VersionLoggerListener.log JVM Version:           1.8.0_151-b12
10-Jun-2021 09:31:57.575 信息 [main] org.apache.catalina.startup.VersionLoggerListener.log JVM Vendor:            Oracle Corporation
10-Jun-2021 09:31:57.575 信息 [main] org.apache.catalina.startup.VersionLoggerListener.log CATALINA_BASE:         D:\OLD\uml\资料\软件项目开发的全套文档\4-开发\02_演示项目\tomcat-crm
10-Jun-2021 09:31:57.575 信息 [main] org.apache.catalina.startup.VersionLoggerListener.log CATALINA_HOME:         D:\OLD\uml\资料\软件项目开发的全套文档\4-开发\02_演示项目\tomcat-crm
10-Jun-2021 09:31:57.576 信息 [main] org.apache.catalina.startup.VersionLoggerListener.log Command line argument: -Djava.util.logging.config.file=D:\OLD\uml\资料\软件项目开发的全套文档\4-开发\02_演示项目\tomcat-crm\conf\logging.properties
10-Jun-2021 09:31:57.576 信息 [main] org.apache.catalina.startup.VersionLoggerListener.log Command line argument: -Djava.util.logging.manager=org.apache.juli.ClassLoaderLogManager
10-Jun-2021 09:31:57.576 信息 [main] org.apache.catalina.startup.VersionLoggerListener.log Command line argument: -Djdk.tls.ephemeralDHKeySize=2048
10-Jun-2021 09:31:57.577 信息 [main] org.apache.catalina.startup.VersionLoggerListener.log Command line argument: -Djava.protocol.handler.pkgs=org.apache.catalina.webresources
10-Jun-2021 09:31:57.579 信息 [main] org.apache.catalina.startup.VersionLoggerListener.log Command line argument: -Dignore.endorsed.dirs=
10-Jun-2021 09:31:57.579 信息 [main] org.apache.catalina.startup.VersionLoggerListener.log Command line argument: -Dcatalina.base=D:\OLD\uml\资料\软件项目开发的全套文档\4-开发\02_演示项目\tomcat-crm
10-Jun-2021 09:31:57.580 信息 [main] org.apache.catalina.startup.VersionLoggerListener.log Command line argument: -Dcatalina.home=D:\OLD\uml\资料\软件项目开发的全套文档\4-开发\02_演示项目\tomcat-crm
10-Jun-2021 09:31:57.580 信息 [main] org.apache.catalina.startup.VersionLoggerListener.log Command line argument: -Djava.io.tmpdir=D:\OLD\uml\资料\软件项目开发的全套文档\4-开发\02_演示项目\tomcat-crm\temp
10-Jun-2021 09:31:57.581 信息 [main] org.apache.catalina.core.AprLifecycleListener.lifecycleEvent Loaded APR based Apache Tomcat Native library 1.2.16 using APR version 1.6.3.
10-Jun-2021 09:31:57.581 信息 [main] org.apache.catalina.core.AprLifecycleListener.lifecycleEvent APR capabilities: IPv6 [true], sendfile [true], accept filters [false], random [true].
10-Jun-2021 09:31:58.220 信息 [main] org.apache.catalina.core.AprLifecycleListener.initializeSSL OpenSSL successfully initialized (OpenSSL 1.0.2m  2 Nov 2017)
10-Jun-2021 09:31:58.397 信息 [main] org.apache.coyote.AbstractProtocol.init Initializing ProtocolHandler ["http-apr-8080"]
10-Jun-2021 09:31:58.419 信息 [main] org.apache.coyote.AbstractProtocol.init Initializing ProtocolHandler ["ajp-apr-8008"]
10-Jun-2021 09:31:58.420 信息 [main] org.apache.catalina.startup.Catalina.load Initialization processed in 1300 ms
10-Jun-2021 09:31:58.460 信息 [main] org.apache.catalina.core.StandardService.startInternal Starting service Catalina
10-Jun-2021 09:31:58.460 信息 [main] org.apache.catalina.core.StandardEngine.startInternal Starting Servlet Engine: Apache Tomcat/8.0.50
10-Jun-2021 09:31:58.473 信息 [localhost-startStop-1] org.apache.catalina.startup.HostConfig.deployDirectory Deploying web application directory D:\OLD\uml\资料\软件项目开发的全套文档\4-开发\02_演示项目\tomcat-crm\webapps\ROOT
10-Jun-2021 09:32:03.499 信息 [localhost-startStop-1] org.apache.jasper.servlet.TldScanner.scanJars At least one JAR was scanned for TLDs yet contained no TLDs. Enable debug logging for this logger for a complete list of JARs that were scanned but no TLDs were found in them. Skipping unneeded JARs during scanning can improve startup time and JSP compilation time.
10-Jun-2021 09:32:04.016 警告 [localhost-startStop-1] org.apache.catalina.util.SessionIdGeneratorBase.createSecureRandom Creation of SecureRandom instance for session ID generation using [SHA1PRNG] took [465] milliseconds.
10-Jun-2021 09:32:09.584 信息 [localhost-startStop-1] org.apache.catalina.startup.HostConfig.deployDirectory Deployment of web application directory D:\OLD\uml\资料\软件项目开发的全套文档\4-开发\02_演示项目\tomcat-crm\webapps\ROOT has finished in 11,111 ms
10-Jun-2021 09:32:09.587 信息 [main] org.apache.coyote.AbstractProtocol.start Starting ProtocolHandler ["http-apr-8080"]
10-Jun-2021 09:32:09.604 信息 [main] org.apache.coyote.AbstractProtocol.start Starting ProtocolHandler ["ajp-apr-8008"]
10-Jun-2021 09:32:09.609 信息 [main] org.apache.catalina.startup.Catalina.start Server startup in 11188 ms
