Analysis & Synthesis report for RAM
Sat Nov 04 16:38:25 2023
Version 4.1 Build 181 06/29/2004 SJ Full Version


---------------------
; Table of Contents ;
---------------------
  1. Legal Notice
  2. Analysis & Synthesis Summary
  3. Analysis & Synthesis Settings
  4. Hierarchy
  5. Analysis & Synthesis Resource Utilization by Entity
  6. Analysis & Synthesis Equations
  7. Analysis & Synthesis Source Files Read
  8. Analysis & Synthesis Resource Usage Summary
  9. Analysis & Synthesis RAM Summary
 10. WYSIWYG Cells
 11. General Register Statistics
 12. Analysis & Synthesis Messages



----------------
; Legal Notice ;
----------------
Copyright (C) 1991-2004 Altera Corporation
Any  megafunction  design,  and related netlist (encrypted  or  decrypted),
support information,  device programming or simulation file,  and any other
associated  documentation or information  provided by  Altera  or a partner
under  Altera's   Megafunction   Partnership   Program  may  be  used  only
to program  PLD  devices (but not masked  PLD  devices) from  Altera.   Any
other  use  of such  megafunction  design,  netlist,  support  information,
device programming or simulation file,  or any other  related documentation
or information  is prohibited  for  any  other purpose,  including, but not
limited to  modification,  reverse engineering,  de-compiling, or use  with
any other  silicon devices,  unless such use is  explicitly  licensed under
a separate agreement with  Altera  or a megafunction partner.  Title to the
intellectual property,  including patents,  copyrights,  trademarks,  trade
secrets,  or maskworks,  embodied in any such megafunction design, netlist,
support  information,  device programming or simulation file,  or any other
related documentation or information provided by  Altera  or a megafunction
partner, remains with Altera, the megafunction partner, or their respective
licensors. No other licenses, including any licenses needed under any third
party's intellectual property, are provided herein.



+------------------------------------------------------------------------+
; Analysis & Synthesis Summary                                           ;
+-----------------------------+------------------------------------------+
; Analysis & Synthesis Status ; Successful - Sat Nov 04 16:38:25 2023    ;
; Quartus II Version          ; 4.1 Build 181 06/29/2004 SJ Full Version ;
; Revision Name               ; RAM                                      ;
; Top-level Entity Name       ; RAM                                      ;
; Family                      ; Stratix                                  ;
; Total logic elements        ; 8                                        ;
; Total pins                  ; 37                                       ;
; Total memory bits           ; 2,048                                    ;
; DSP block 9-bit elements    ; 0                                        ;
; Total PLLs                  ; 0                                        ;
; Total DLLs                  ; 0                                        ;
+-----------------------------+------------------------------------------+


+---------------------------------------------------------------------------------------------------+
; Analysis & Synthesis Settings                                                                     ;
+--------------------------------------------------------------------+--------------+---------------+
; Option                                                             ; Setting      ; Default Value ;
+--------------------------------------------------------------------+--------------+---------------+
; Restructure Multiplexers                                           ; Auto         ; Auto          ;
; Create Debugging Nodes for IP Cores                                ; off          ; off           ;
; Disk space/compilation speed tradeoff                              ; Normal       ; Normal        ;
; Preserve fewer node names                                          ; On           ; On            ;
; Disable OpenCore Plus hardware evaluation                          ; Off          ; Off           ;
; Verilog Version                                                    ; Verilog_2001 ; Verilog_2001  ;
; VHDL Version                                                       ; VHDL93       ; VHDL93        ;
; Family name                                                        ; Stratix      ; Stratix       ;
; Top-level entity name                                              ; RAM          ; RAM           ;
; State Machine Processing                                           ; Auto         ; Auto          ;
; DSP Block Balancing                                                ; Auto         ; Auto          ;
; NOT Gate Push-Back                                                 ; On           ; On            ;
; Power-Up Don't Care                                                ; On           ; On            ;
; Remove Redundant Logic Cells                                       ; Off          ; Off           ;
; Remove Duplicate Registers                                         ; On           ; On            ;
; Ignore CARRY Buffers                                               ; Off          ; Off           ;
; Ignore CASCADE Buffers                                             ; Off          ; Off           ;
; Ignore GLOBAL Buffers                                              ; Off          ; Off           ;
; Ignore ROW GLOBAL Buffers                                          ; Off          ; Off           ;
; Ignore LCELL Buffers                                               ; Off          ; Off           ;
; Ignore SOFT Buffers                                                ; On           ; On            ;
; Limit AHDL Integers to 32 Bits                                     ; Off          ; Off           ;
; Optimization Technique -- Stratix/Stratix GX                       ; Balanced     ; Balanced      ;
; Carry Chain Length -- Stratix/Stratix GX/Cyclone/MAX II/Cyclone II ; 70           ; 70            ;
; Auto Carry Chains                                                  ; On           ; On            ;
; Auto Open-Drain Pins                                               ; On           ; On            ;
; Remove Duplicate Logic                                             ; On           ; On            ;
; Perform WYSIWYG Primitive Resynthesis                              ; Off          ; Off           ;
; Perform gate-level register retiming                               ; Off          ; Off           ;
; Allow register retiming to trade off Tsu/Tco with Fmax             ; On           ; On            ;
; Auto ROM Replacement                                               ; On           ; On            ;
; Auto RAM Replacement                                               ; On           ; On            ;
; Auto DSP Block Replacement                                         ; On           ; On            ;
; Auto Shift Register Replacement                                    ; On           ; On            ;
; Auto Clock Enable Replacement                                      ; On           ; On            ;
; Allows Synchronous Control Signal Usage in Normal Mode Logic Cells ; On           ; On            ;
; Auto RAM Block Balancing                                           ; On           ; On            ;
; Auto Resource Sharing                                              ; Off          ; Off           ;
; Allow Any RAM Size For Recognition                                 ; Off          ; Off           ;
; Allow Any ROM Size For Recognition                                 ; Off          ; Off           ;
; Allow Any Shift Register Size For Recognition                      ; Off          ; Off           ;
+--------------------------------------------------------------------+--------------+---------------+


+-----------+
; Hierarchy ;
+-----------+
RAM
 |-- lpm_ram_dq0:inst
      |-- altsyncram:altsyncram_component
           |-- altsyncram_dru:auto_generated
 |-- lpm_counter0:inst1
      |-- lpm_counter:lpm_counter_component
           |-- cntr_fa8:auto_generated


+---------------------------------------------------------------------------------------------------------------------------------------------------------------------------------------------------------------------------------------------------------------------------------------------------------------------------+
; Analysis & Synthesis Resource Utilization by Entity                                                                                                                                                                                                                                                                       ;
+-------------------------------------------+-------------+--------------+-------------+--------------+---------+-----------+-----------+------+--------------+--------------+-------------------+------------------+-----------------+-------------------------------------------------------------------------------------+
; Compilation Hierarchy Node                ; Logic Cells ; LC Registers ; Memory Bits ; DSP Elements ; DSP 9x9 ; DSP 18x18 ; DSP 36x36 ; Pins ; Virtual Pins ; LUT-Only LCs ; Register-Only LCs ; LUT/Register LCs ; Carry Chain LCs ; Full Hierarchy Name                                                                 ;
+-------------------------------------------+-------------+--------------+-------------+--------------+---------+-----------+-----------+------+--------------+--------------+-------------------+------------------+-----------------+-------------------------------------------------------------------------------------+
; |RAM                                      ; 8 (0)       ; 8            ; 2048        ; 0            ; 0       ; 0         ; 0         ; 37   ; 0            ; 0 (0)        ; 0 (0)             ; 8 (0)            ; 8 (0)           ; |RAM                                                                                ;
;    |lpm_counter0:inst1|                   ; 8 (0)       ; 8            ; 0           ; 0            ; 0       ; 0         ; 0         ; 0    ; 0            ; 0 (0)        ; 0 (0)             ; 8 (0)            ; 8 (0)           ; |RAM|lpm_counter0:inst1                                                             ;
;       |lpm_counter:lpm_counter_component| ; 8 (0)       ; 8            ; 0           ; 0            ; 0       ; 0         ; 0         ; 0    ; 0            ; 0 (0)        ; 0 (0)             ; 8 (0)            ; 8 (0)           ; |RAM|lpm_counter0:inst1|lpm_counter:lpm_counter_component                           ;
;          |cntr_fa8:auto_generated|        ; 8 (8)       ; 8            ; 0           ; 0            ; 0       ; 0         ; 0         ; 0    ; 0            ; 0 (0)        ; 0 (0)             ; 8 (8)            ; 8 (8)           ; |RAM|lpm_counter0:inst1|lpm_counter:lpm_counter_component|cntr_fa8:auto_generated   ;
;    |lpm_ram_dq0:inst|                     ; 0 (0)       ; 0            ; 2048        ; 0            ; 0       ; 0         ; 0         ; 0    ; 0            ; 0 (0)        ; 0 (0)             ; 0 (0)            ; 0 (0)           ; |RAM|lpm_ram_dq0:inst                                                               ;
;       |altsyncram:altsyncram_component|   ; 0 (0)       ; 0            ; 2048        ; 0            ; 0       ; 0         ; 0         ; 0    ; 0            ; 0 (0)        ; 0 (0)             ; 0 (0)            ; 0 (0)           ; |RAM|lpm_ram_dq0:inst|altsyncram:altsyncram_component                               ;
;          |altsyncram_dru:auto_generated|  ; 0 (0)       ; 0            ; 2048        ; 0            ; 0       ; 0         ; 0         ; 0    ; 0            ; 0 (0)        ; 0 (0)             ; 0 (0)            ; 0 (0)           ; |RAM|lpm_ram_dq0:inst|altsyncram:altsyncram_component|altsyncram_dru:auto_generated ;
+-------------------------------------------+-------------+--------------+-------------+--------------+---------+-----------+-----------+------+--------------+--------------+-------------------+------------------+-----------------+-------------------------------------------------------------------------------------+


+--------------------------------+
; Analysis & Synthesis Equations ;
+--------------------------------+
The equations can be found in E:/计算机组成原理/experiment file/RAM/RAM.map.eqn.


+-------------------------------------------------------------------------------+
; Analysis & Synthesis Source Files Read                                        ;
+-------------------------------------------------------------+-----------------+
; File Name                                                   ; Used in Netlist ;
+-------------------------------------------------------------+-----------------+
; RAM.bdf                                                     ; yes             ;
; E:/计算机组成原理/experiment file/RAM/lpm_counter0.tdf      ; yes             ;
; e:/quartus/libraries/megafunctions/lpm_counter.inc          ; yes             ;
; e:/quartus/libraries/megafunctions/lpm_counter.tdf          ; yes             ;
; e:/quartus/libraries/megafunctions/lpm_constant.inc         ; yes             ;
; E:/计算机组成原理/experiment file/RAM/db/cntr_fa8.tdf       ; yes             ;
; E:/计算机组成原理/experiment file/RAM/lpm_ram_dq0.tdf       ; yes             ;
; e:/quartus/libraries/megafunctions/altsyncram.inc           ; yes             ;
; e:/quartus/libraries/megafunctions/altsyncram.tdf           ; yes             ;
; e:/quartus/libraries/megafunctions/stratix_ram_block.inc    ; yes             ;
; E:/计算机组成原理/experiment file/RAM/db/altsyncram_dru.tdf ; yes             ;
+-------------------------------------------------------------+-----------------+


+----------------------------------------------------------------------------------------------------------------------------+
; Analysis & Synthesis Resource Usage Summary                                                                                ;
+-----------------------------------+----------------------------------------------------------------------------------------+
; Resource                          ; Usage                                                                                  ;
+-----------------------------------+----------------------------------------------------------------------------------------+
; Logic cells                       ; 8                                                                                      ;
; Total combinational functions     ; 8                                                                                      ;
; Total 4-input functions           ; 0                                                                                      ;
; Total 3-input functions           ; 0                                                                                      ;
; Total 2-input functions           ; 0                                                                                      ;
; Total 1-input functions           ; 8                                                                                      ;
; Total 0-input functions           ; 0                                                                                      ;
; Combinational cells for routing   ; 0                                                                                      ;
; Total registers                   ; 8                                                                                      ;
; Total logic cells in carry chains ; 8                                                                                      ;
; I/O pins                          ; 37                                                                                     ;
; Total memory bits                 ; 2048                                                                                   ;
; Maximum fan-out node              ; lpm_counter0:inst1|lpm_counter:lpm_counter_component|cntr_fa8:auto_generated|safe_q[6] ;
; Maximum fan-out                   ; 11                                                                                     ;
; Total fan-out                     ; 151                                                                                    ;
; Average fan-out                   ; 2.85                                                                                   ;
+-----------------------------------+----------------------------------------------------------------------------------------+


+------------------------------------------------------------------------------------------------------------------------------------------------------------------------------------------+
; Analysis & Synthesis RAM Summary                                                                                                                                                         ;
+-------------------------------------------------------------------------------------------+------+-------------+--------------+--------------+--------------+--------------+------+------+
; Name                                                                                      ; Type ; Mode        ; Port A Depth ; Port A Width ; Port B Depth ; Port B Width ; Size ; MIF  ;
+-------------------------------------------------------------------------------------------+------+-------------+--------------+--------------+--------------+--------------+------+------+
; lpm_ram_dq0:inst|altsyncram:altsyncram_component|altsyncram_dru:auto_generated|ALTSYNCRAM ; AUTO ; Single Port ; 256          ; 8            ; --           ; --           ; 2048 ; None ;
+-------------------------------------------------------------------------------------------+------+-------------+--------------+--------------+--------------+--------------+------+------+


+----------------------------------------------------------------+
; WYSIWYG Cells                                                  ;
+--------------------------------------------------------+-------+
; Statistic                                              ; Value ;
+--------------------------------------------------------+-------+
; Number of WYSIWYG cells                                ; 8     ;
; Number of synthesis-generated cells                    ; 0     ;
; Number of WYSIWYG LUTs                                 ; 8     ;
; Number of synthesis-generated LUTs                     ; 0     ;
; Number of WYSIWYG registers                            ; 8     ;
; Number of synthesis-generated registers                ; 0     ;
; Number of cells with combinational logic only          ; 0     ;
; Number of cells with registers only                    ; 0     ;
; Number of cells with combinational logic and registers ; 8     ;
+--------------------------------------------------------+-------+


+------------------------------------------------------+
; General Register Statistics                          ;
+----------------------------------------------+-------+
; Statistic                                    ; Value ;
+----------------------------------------------+-------+
; Number of registers using Synchronous Clear  ; 0     ;
; Number of registers using Synchronous Load   ; 0     ;
; Number of registers using Asynchronous Clear ; 8     ;
; Number of registers using Asynchronous Load  ; 8     ;
; Number of registers using Clock Enable       ; 0     ;
; Number of registers using Output Enable      ; 0     ;
; Number of registers using Preset             ; 0     ;
+----------------------------------------------+-------+


+-------------------------------+
; Analysis & Synthesis Messages ;
+-------------------------------+
Info: *******************************************************************
Info: Running Quartus II Analysis & Synthesis
    Info: Version 4.1 Build 181 06/29/2004 SJ Full Version
    Info: Processing started: Sat Nov 04 16:38:23 2023
Info: Command: quartus_map --import_settings_files=on --export_settings_files=off RAM -c RAM
Info: Found 1 design units, including 1 entities, in source file RAM.bdf
    Info: Found entity 1: RAM
Info: Using design file lpm_counter0.tdf, which is not specified as a design file for the current project, but contains definitions for 1 design units and 1 entities in project
    Info: Found entity 1: lpm_counter0
Info: Found 1 design units, including 1 entities, in source file ../../../quartus/libraries/megafunctions/lpm_counter.tdf
    Info: Found entity 1: lpm_counter
Info: Found 1 design units, including 1 entities, in source file db/cntr_fa8.tdf
    Info: Found entity 1: cntr_fa8
Info: Using design file lpm_ram_dq0.tdf, which is not specified as a design file for the current project, but contains definitions for 1 design units and 1 entities in project
    Info: Found entity 1: lpm_ram_dq0
Info: Found 1 design units, including 1 entities, in source file ../../../quartus/libraries/megafunctions/altsyncram.tdf
    Info: Found entity 1: altsyncram
Info: Found 1 design units, including 1 entities, in source file db/altsyncram_dru.tdf
    Info: Found entity 1: altsyncram_dru
Info: Implemented 53 device resources after synthesis - the final resource count might be different
    Info: Implemented 21 input pins
    Info: Implemented 16 output pins
    Info: Implemented 8 logic cells
    Info: Implemented 8 RAM segments
Info: Quartus II Analysis & Synthesis was successful. 0 errors, 0 warnings
    Info: Processing ended: Sat Nov 04 16:38:25 2023
    Info: Elapsed time: 00:00:01


