Analysis & Synthesis report for BUS
Sat Dec 09 23:49:06 2023
Version 4.1 Build 181 06/29/2004 SJ Full Version


---------------------
; Table of Contents ;
---------------------
  1. Legal Notice
  2. Analysis & Synthesis Summary
  3. Analysis & Synthesis Settings
  4. Multiplexer Restructuring Statistics (No Restructuring Performed)
  5. WYSIWYG Cells
  6. General Register Statistics
  7. Hierarchy
  8. Analysis & Synthesis Resource Utilization by Entity
  9. Analysis & Synthesis Equations
 10. Analysis & Synthesis Source Files Read
 11. Analysis & Synthesis Resource Usage Summary
 12. Analysis & Synthesis RAM Summary
 13. Analysis & Synthesis Messages



----------------
; Legal Notice ;
----------------
Copyright (C) 1991-2004 Altera Corporation
Any  megafunction  design,  and related netlist (encrypted  or  decrypted),
support information,  device programming or simulation file,  and any other
associated  documentation or information  provided by  Altera  or a partner
under  Altera's   Megafunction   Partnership   Program  may  be  used  only
to program  PLD  devices (but not masked  PLD  devices) from  Altera.   Any
other  use  of such  megafunction  design,  netlist,  support  information,
device programming or simulation file,  or any other  related documentation
or information  is prohibited  for  any  other purpose,  including, but not
limited to  modification,  reverse engineering,  de-compiling, or use  with
any other  silicon devices,  unless such use is  explicitly  licensed under
a separate agreement with  Altera  or a megafunction partner.  Title to the
intellectual property,  including patents,  copyrights,  trademarks,  trade
secrets,  or maskworks,  embodied in any such megafunction design, netlist,
support  information,  device programming or simulation file,  or any other
related documentation or information provided by  Altera  or a megafunction
partner, remains with Altera, the megafunction partner, or their respective
licensors. No other licenses, including any licenses needed under any third
party's intellectual property, are provided herein.



+------------------------------------------------------------------------+
; Analysis & Synthesis Summary                                           ;
+-----------------------------+------------------------------------------+
; Analysis & Synthesis Status ; Successful - Sat Dec 09 23:49:06 2023    ;
; Quartus II Version          ; 4.1 Build 181 06/29/2004 SJ Full Version ;
; Revision Name               ; BUS                                      ;
; Top-level Entity Name       ; BUS                                      ;
; Family                      ; Stratix                                  ;
; Total logic elements        ; 40                                       ;
; Total pins                  ; 31                                       ;
; Total memory bits           ; 2,048                                    ;
; DSP block 9-bit elements    ; 0                                        ;
; Total PLLs                  ; 0                                        ;
; Total DLLs                  ; 0                                        ;
+-----------------------------+------------------------------------------+


+---------------------------------------------------------------------------------------------------+
; Analysis & Synthesis Settings                                                                     ;
+--------------------------------------------------------------------+--------------+---------------+
; Option                                                             ; Setting      ; Default Value ;
+--------------------------------------------------------------------+--------------+---------------+
; Restructure Multiplexers                                           ; Auto         ; Auto          ;
; Create Debugging Nodes for IP Cores                                ; off          ; off           ;
; Disk space/compilation speed tradeoff                              ; Normal       ; Normal        ;
; Preserve fewer node names                                          ; On           ; On            ;
; Disable OpenCore Plus hardware evaluation                          ; Off          ; Off           ;
; Verilog Version                                                    ; Verilog_2001 ; Verilog_2001  ;
; VHDL Version                                                       ; VHDL93       ; VHDL93        ;
; Family name                                                        ; Stratix      ; Stratix       ;
; Top-level entity name                                              ; BUS          ; BUS           ;
; State Machine Processing                                           ; Auto         ; Auto          ;
; DSP Block Balancing                                                ; Auto         ; Auto          ;
; NOT Gate Push-Back                                                 ; On           ; On            ;
; Power-Up Don't Care                                                ; On           ; On            ;
; Remove Redundant Logic Cells                                       ; Off          ; Off           ;
; Remove Duplicate Registers                                         ; On           ; On            ;
; Ignore CARRY Buffers                                               ; Off          ; Off           ;
; Ignore CASCADE Buffers                                             ; Off          ; Off           ;
; Ignore GLOBAL Buffers                                              ; Off          ; Off           ;
; Ignore ROW GLOBAL Buffers                                          ; Off          ; Off           ;
; Ignore LCELL Buffers                                               ; Off          ; Off           ;
; Ignore SOFT Buffers                                                ; On           ; On            ;
; Limit AHDL Integers to 32 Bits                                     ; Off          ; Off           ;
; Optimization Technique -- Stratix/Stratix GX                       ; Balanced     ; Balanced      ;
; Carry Chain Length -- Stratix/Stratix GX/Cyclone/MAX II/Cyclone II ; 70           ; 70            ;
; Auto Carry Chains                                                  ; On           ; On            ;
; Auto Open-Drain Pins                                               ; On           ; On            ;
; Remove Duplicate Logic                                             ; On           ; On            ;
; Perform WYSIWYG Primitive Resynthesis                              ; Off          ; Off           ;
; Perform gate-level register retiming                               ; Off          ; Off           ;
; Allow register retiming to trade off Tsu/Tco with Fmax             ; On           ; On            ;
; Auto ROM Replacement                                               ; On           ; On            ;
; Auto RAM Replacement                                               ; On           ; On            ;
; Auto DSP Block Replacement                                         ; On           ; On            ;
; Auto Shift Register Replacement                                    ; On           ; On            ;
; Auto Clock Enable Replacement                                      ; On           ; On            ;
; Allows Synchronous Control Signal Usage in Normal Mode Logic Cells ; On           ; On            ;
; Auto RAM Block Balancing                                           ; On           ; On            ;
; Auto Resource Sharing                                              ; Off          ; Off           ;
; Allow Any RAM Size For Recognition                                 ; Off          ; Off           ;
; Allow Any ROM Size For Recognition                                 ; Off          ; Off           ;
; Allow Any Shift Register Size For Recognition                      ; Off          ; Off           ;
+--------------------------------------------------------------------+--------------+---------------+


+---------------------------------------------------------------------------------------------------------------------------------------------------------------------------------------------------+
; Multiplexer Restructuring Statistics (No Restructuring Performed)                                                                                                                                 ;
+--------------------+-----------+---------------+----------------------+------------------------+------------+-------------------------------------------------------------------------------------+
; Multiplexer Inputs ; Bus Width ; Baseline Area ; Area if Restructured ; Saving if Restructured ; Registered ; Example Multiplexer Output                                                          ;
+--------------------+-----------+---------------+----------------------+------------------------+------------+-------------------------------------------------------------------------------------+
; 2:1                ; 3 bits    ; 3 LEs         ; 3 LEs                ; 0 LEs                  ; No         ; |BUS|lpm_mux0:inst4|lpm_mux:lpm_mux_component|mux_fgc:auto_generated|w_result195w~2 ;
; 2:1                ; 3 bits    ; 3 LEs         ; 3 LEs                ; 0 LEs                  ; No         ; |BUS|lpm_mux0:inst4|lpm_mux:lpm_mux_component|mux_fgc:auto_generated|w_result170w~2 ;
; 2:1                ; 3 bits    ; 3 LEs         ; 3 LEs                ; 0 LEs                  ; No         ; |BUS|lpm_mux0:inst4|lpm_mux:lpm_mux_component|mux_fgc:auto_generated|w_result145w~2 ;
; 2:1                ; 3 bits    ; 3 LEs         ; 3 LEs                ; 0 LEs                  ; No         ; |BUS|lpm_mux0:inst4|lpm_mux:lpm_mux_component|mux_fgc:auto_generated|w_result120w~2 ;
; 2:1                ; 3 bits    ; 3 LEs         ; 3 LEs                ; 0 LEs                  ; No         ; |BUS|lpm_mux0:inst4|lpm_mux:lpm_mux_component|mux_fgc:auto_generated|w_result95w~2  ;
; 2:1                ; 3 bits    ; 3 LEs         ; 3 LEs                ; 0 LEs                  ; No         ; |BUS|lpm_mux0:inst4|lpm_mux:lpm_mux_component|mux_fgc:auto_generated|w_result70w~2  ;
; 2:1                ; 3 bits    ; 3 LEs         ; 3 LEs                ; 0 LEs                  ; No         ; |BUS|lpm_mux0:inst4|lpm_mux:lpm_mux_component|mux_fgc:auto_generated|w_result45w~2  ;
; 2:1                ; 3 bits    ; 3 LEs         ; 3 LEs                ; 0 LEs                  ; No         ; |BUS|lpm_mux0:inst4|lpm_mux:lpm_mux_component|mux_fgc:auto_generated|w_result15w~2  ;
+--------------------+-----------+---------------+----------------------+------------------------+------------+-------------------------------------------------------------------------------------+


+----------------------------------------------------------------+
; WYSIWYG Cells                                                  ;
+--------------------------------------------------------+-------+
; Statistic                                              ; Value ;
+--------------------------------------------------------+-------+
; Number of WYSIWYG cells                                ; 0     ;
; Number of synthesis-generated cells                    ; 40    ;
; Number of WYSIWYG LUTs                                 ; 0     ;
; Number of synthesis-generated LUTs                     ; 16    ;
; Number of WYSIWYG registers                            ; 0     ;
; Number of synthesis-generated registers                ; 24    ;
; Number of cells with combinational logic only          ; 16    ;
; Number of cells with registers only                    ; 24    ;
; Number of cells with combinational logic and registers ; 0     ;
+--------------------------------------------------------+-------+


+------------------------------------------------------+
; General Register Statistics                          ;
+----------------------------------------------+-------+
; Statistic                                    ; Value ;
+----------------------------------------------+-------+
; Number of registers using Synchronous Clear  ; 0     ;
; Number of registers using Synchronous Load   ; 0     ;
; Number of registers using Asynchronous Clear ; 0     ;
; Number of registers using Asynchronous Load  ; 0     ;
; Number of registers using Clock Enable       ; 0     ;
; Number of registers using Output Enable      ; 0     ;
; Number of registers using Preset             ; 0     ;
+----------------------------------------------+-------+


+-----------+
; Hierarchy ;
+-----------+
BUS
 |-- 273:inst
 |-- 273:inst1
 |-- 273:inst2
 |-- lpm_ram_dq0:inst3
      |-- altsyncram:altsyncram_component
           |-- altsyncram_dru:auto_generated
 |-- lpm_mux0:inst4
      |-- lpm_mux:lpm_mux_component
           |-- mux_fgc:auto_generated


+---------------------------------------------------------------------------------------------------------------------------------------------------------------------------------------------------------------------------------------------------------------------------------------------------------------------------+
; Analysis & Synthesis Resource Utilization by Entity                                                                                                                                                                                                                                                                       ;
+------------------------------------------+-------------+--------------+-------------+--------------+---------+-----------+-----------+------+--------------+--------------+-------------------+------------------+-----------------+--------------------------------------------------------------------------------------+
; Compilation Hierarchy Node               ; Logic Cells ; LC Registers ; Memory Bits ; DSP Elements ; DSP 9x9 ; DSP 18x18 ; DSP 36x36 ; Pins ; Virtual Pins ; LUT-Only LCs ; Register-Only LCs ; LUT/Register LCs ; Carry Chain LCs ; Full Hierarchy Name                                                                  ;
+------------------------------------------+-------------+--------------+-------------+--------------+---------+-----------+-----------+------+--------------+--------------+-------------------+------------------+-----------------+--------------------------------------------------------------------------------------+
; |BUS                                     ; 40 (0)      ; 24           ; 2048        ; 0            ; 0       ; 0         ; 0         ; 31   ; 0            ; 16 (0)       ; 24 (0)            ; 0 (0)            ; 0 (0)           ; |BUS                                                                                 ;
;    |273:inst1|                           ; 8 (8)       ; 8            ; 0           ; 0            ; 0       ; 0         ; 0         ; 0    ; 0            ; 0 (0)        ; 8 (8)             ; 0 (0)            ; 0 (0)           ; |BUS|273:inst1                                                                       ;
;    |273:inst2|                           ; 8 (8)       ; 8            ; 0           ; 0            ; 0       ; 0         ; 0         ; 0    ; 0            ; 0 (0)        ; 8 (8)             ; 0 (0)            ; 0 (0)           ; |BUS|273:inst2                                                                       ;
;    |273:inst|                            ; 8 (8)       ; 8            ; 0           ; 0            ; 0       ; 0         ; 0         ; 0    ; 0            ; 0 (0)        ; 8 (8)             ; 0 (0)            ; 0 (0)           ; |BUS|273:inst                                                                        ;
;    |lpm_mux0:inst4|                      ; 16 (0)      ; 0            ; 0           ; 0            ; 0       ; 0         ; 0         ; 0    ; 0            ; 16 (0)       ; 0 (0)             ; 0 (0)            ; 0 (0)           ; |BUS|lpm_mux0:inst4                                                                  ;
;       |lpm_mux:lpm_mux_component|        ; 16 (0)      ; 0            ; 0           ; 0            ; 0       ; 0         ; 0         ; 0    ; 0            ; 16 (0)       ; 0 (0)             ; 0 (0)            ; 0 (0)           ; |BUS|lpm_mux0:inst4|lpm_mux:lpm_mux_component                                        ;
;          |mux_fgc:auto_generated|        ; 16 (16)     ; 0            ; 0           ; 0            ; 0       ; 0         ; 0         ; 0    ; 0            ; 16 (16)      ; 0 (0)             ; 0 (0)            ; 0 (0)           ; |BUS|lpm_mux0:inst4|lpm_mux:lpm_mux_component|mux_fgc:auto_generated                 ;
;    |lpm_ram_dq0:inst3|                   ; 0 (0)       ; 0            ; 2048        ; 0            ; 0       ; 0         ; 0         ; 0    ; 0            ; 0 (0)        ; 0 (0)             ; 0 (0)            ; 0 (0)           ; |BUS|lpm_ram_dq0:inst3                                                               ;
;       |altsyncram:altsyncram_component|  ; 0 (0)       ; 0            ; 2048        ; 0            ; 0       ; 0         ; 0         ; 0    ; 0            ; 0 (0)        ; 0 (0)             ; 0 (0)            ; 0 (0)           ; |BUS|lpm_ram_dq0:inst3|altsyncram:altsyncram_component                               ;
;          |altsyncram_dru:auto_generated| ; 0 (0)       ; 0            ; 2048        ; 0            ; 0       ; 0         ; 0         ; 0    ; 0            ; 0 (0)        ; 0 (0)             ; 0 (0)            ; 0 (0)           ; |BUS|lpm_ram_dq0:inst3|altsyncram:altsyncram_component|altsyncram_dru:auto_generated ;
+------------------------------------------+-------------+--------------+-------------+--------------+---------+-----------+-----------+------+--------------+--------------+-------------------+------------------+-----------------+--------------------------------------------------------------------------------------+


+--------------------------------+
; Analysis & Synthesis Equations ;
+--------------------------------+
The equations can be found in E:/计算机组成原理/experiment file/BUS/BUS.map.eqn.


+-------------------------------------------------------------------------------+
; Analysis & Synthesis Source Files Read                                        ;
+-------------------------------------------------------------+-----------------+
; File Name                                                   ; Used in Netlist ;
+-------------------------------------------------------------+-----------------+
; BUS.bdf                                                     ; yes             ;
; 273.bdf                                                     ; yes             ;
; E:/计算机组成原理/experiment file/BUS/lpm_mux0.tdf          ; yes             ;
; e:/quartus/libraries/megafunctions/lpm_mux.inc              ; yes             ;
; e:/quartus/libraries/megafunctions/lpm_mux.tdf              ; yes             ;
; e:/quartus/libraries/megafunctions/aglobal41.inc            ; yes             ;
; E:/计算机组成原理/experiment file/BUS/db/mux_fgc.tdf        ; yes             ;
; E:/计算机组成原理/experiment file/BUS/lpm_ram_dq0.tdf       ; yes             ;
; e:/quartus/libraries/megafunctions/altsyncram.inc           ; yes             ;
; e:/quartus/libraries/megafunctions/altsyncram.tdf           ; yes             ;
; e:/quartus/libraries/megafunctions/stratix_ram_block.inc    ; yes             ;
; E:/计算机组成原理/experiment file/BUS/db/altsyncram_dru.tdf ; yes             ;
+-------------------------------------------------------------+-----------------+


+---------------------------------------------+
; Analysis & Synthesis Resource Usage Summary ;
+---------------------------------+-----------+
; Resource                        ; Usage     ;
+---------------------------------+-----------+
; Logic cells                     ; 40        ;
; Total combinational functions   ; 16        ;
; Total 4-input functions         ; 16        ;
; Total 3-input functions         ; 0         ;
; Total 2-input functions         ; 0         ;
; Total 1-input functions         ; 0         ;
; Total 0-input functions         ; 0         ;
; Combinational cells for routing ; 0         ;
; Total registers                 ; 24        ;
; I/O pins                        ; 31        ;
; Total memory bits               ; 2048      ;
; Maximum fan-out node            ; sel[0]    ;
; Maximum fan-out                 ; 12        ;
; Total fan-out                   ; 216       ;
; Average fan-out                 ; 2.73      ;
+---------------------------------+-----------+


+-------------------------------------------------------------------------------------------------------------------------------------------------------------------------------------------+
; Analysis & Synthesis RAM Summary                                                                                                                                                          ;
+--------------------------------------------------------------------------------------------+------+-------------+--------------+--------------+--------------+--------------+------+------+
; Name                                                                                       ; Type ; Mode        ; Port A Depth ; Port A Width ; Port B Depth ; Port B Width ; Size ; MIF  ;
+--------------------------------------------------------------------------------------------+------+-------------+--------------+--------------+--------------+--------------+------+------+
; lpm_ram_dq0:inst3|altsyncram:altsyncram_component|altsyncram_dru:auto_generated|ALTSYNCRAM ; AUTO ; Single Port ; 256          ; 8            ; --           ; --           ; 2048 ; None ;
+--------------------------------------------------------------------------------------------+------+-------------+--------------+--------------+--------------+--------------+------+------+


+-------------------------------+
; Analysis & Synthesis Messages ;
+-------------------------------+
Info: *******************************************************************
Info: Running Quartus II Analysis & Synthesis
    Info: Version 4.1 Build 181 06/29/2004 SJ Full Version
    Info: Processing started: Sat Dec 09 23:49:04 2023
Info: Command: quartus_map --import_settings_files=on --export_settings_files=off BUS -c BUS
Info: Found 1 design units, including 1 entities, in source file BUS.bdf
    Info: Found entity 1: BUS
Warning: Entity 273 obtained from E:/计算机组成原理/experiment file/BUS/273.bdf instead of from Quartus II megafunction library
Info: Found 1 design units, including 1 entities, in source file 273.bdf
    Info: Found entity 1: 273
Info: Using design file lpm_mux0.tdf, which is not specified as a design file for the current project, but contains definitions for 1 design units and 1 entities in project
    Info: Found entity 1: lpm_mux0
Info: Found 1 design units, including 1 entities, in source file ../../../quartus/libraries/megafunctions/lpm_mux.tdf
    Info: Found entity 1: lpm_mux
Info: Found 1 design units, including 1 entities, in source file db/mux_fgc.tdf
    Info: Found entity 1: mux_fgc
Info: Using design file lpm_ram_dq0.tdf, which is not specified as a design file for the current project, but contains definitions for 1 design units and 1 entities in project
    Info: Found entity 1: lpm_ram_dq0
Info: Found 1 design units, including 1 entities, in source file ../../../quartus/libraries/megafunctions/altsyncram.tdf
    Info: Found entity 1: altsyncram
Info: Found 1 design units, including 1 entities, in source file db/altsyncram_dru.tdf
    Info: Found entity 1: altsyncram_dru
Info: Implemented 79 device resources after synthesis - the final resource count might be different
    Info: Implemented 15 input pins
    Info: Implemented 16 output pins
    Info: Implemented 40 logic cells
    Info: Implemented 8 RAM segments
Info: Quartus II Analysis & Synthesis was successful. 0 errors, 1 warning
    Info: Processing ended: Sat Dec 09 23:49:05 2023
    Info: Elapsed time: 00:00:01


