Analysis & Synthesis report for ALU
Sat Oct 21 00:01:31 2023
Version 4.1 Build 181 06/29/2004 SJ Full Version


---------------------
; Table of Contents ;
---------------------
  1. Legal Notice
  2. Analysis & Synthesis Summary
  3. Analysis & Synthesis Settings
  4. Hierarchy
  5. Analysis & Synthesis Resource Utilization by Entity
  6. Analysis & Synthesis Equations
  7. Analysis & Synthesis Source Files Read
  8. Analysis & Synthesis Resource Usage Summary
  9. WYSIWYG Cells
 10. General Register Statistics
 11. Analysis & Synthesis Messages



----------------
; Legal Notice ;
----------------
Copyright (C) 1991-2004 Altera Corporation
Any  megafunction  design,  and related netlist (encrypted  or  decrypted),
support information,  device programming or simulation file,  and any other
associated  documentation or information  provided by  Altera  or a partner
under  Altera's   Megafunction   Partnership   Program  may  be  used  only
to program  PLD  devices (but not masked  PLD  devices) from  Altera.   Any
other  use  of such  megafunction  design,  netlist,  support  information,
device programming or simulation file,  or any other  related documentation
or information  is prohibited  for  any  other purpose,  including, but not
limited to  modification,  reverse engineering,  de-compiling, or use  with
any other  silicon devices,  unless such use is  explicitly  licensed under
a separate agreement with  Altera  or a megafunction partner.  Title to the
intellectual property,  including patents,  copyrights,  trademarks,  trade
secrets,  or maskworks,  embodied in any such megafunction design, netlist,
support  information,  device programming or simulation file,  or any other
related documentation or information provided by  Altera  or a megafunction
partner, remains with Altera, the megafunction partner, or their respective
licensors. No other licenses, including any licenses needed under any third
party's intellectual property, are provided herein.



+------------------------------------------------------------------------+
; Analysis & Synthesis Summary                                           ;
+-----------------------------+------------------------------------------+
; Analysis & Synthesis Status ; Successful - Sat Oct 21 00:01:31 2023    ;
; Quartus II Version          ; 4.1 Build 181 06/29/2004 SJ Full Version ;
; Revision Name               ; ALU                                      ;
; Top-level Entity Name       ; ALU                                      ;
; Family                      ; Stratix                                  ;
; Total logic elements        ; 39                                       ;
; Total pins                  ; 32                                       ;
; Total memory bits           ; 0                                        ;
; DSP block 9-bit elements    ; 0                                        ;
; Total PLLs                  ; 0                                        ;
; Total DLLs                  ; 0                                        ;
+-----------------------------+------------------------------------------+


+---------------------------------------------------------------------------------------------------+
; Analysis & Synthesis Settings                                                                     ;
+--------------------------------------------------------------------+--------------+---------------+
; Option                                                             ; Setting      ; Default Value ;
+--------------------------------------------------------------------+--------------+---------------+
; Restructure Multiplexers                                           ; Auto         ; Auto          ;
; Create Debugging Nodes for IP Cores                                ; off          ; off           ;
; Disk space/compilation speed tradeoff                              ; Normal       ; Normal        ;
; Preserve fewer node names                                          ; On           ; On            ;
; Disable OpenCore Plus hardware evaluation                          ; Off          ; Off           ;
; Verilog Version                                                    ; Verilog_2001 ; Verilog_2001  ;
; VHDL Version                                                       ; VHDL93       ; VHDL93        ;
; Family name                                                        ; Stratix      ; Stratix       ;
; Top-level entity name                                              ; ALU          ; ALU           ;
; State Machine Processing                                           ; Auto         ; Auto          ;
; DSP Block Balancing                                                ; Auto         ; Auto          ;
; NOT Gate Push-Back                                                 ; On           ; On            ;
; Power-Up Don't Care                                                ; On           ; On            ;
; Remove Redundant Logic Cells                                       ; Off          ; Off           ;
; Remove Duplicate Registers                                         ; On           ; On            ;
; Ignore CARRY Buffers                                               ; Off          ; Off           ;
; Ignore CASCADE Buffers                                             ; Off          ; Off           ;
; Ignore GLOBAL Buffers                                              ; Off          ; Off           ;
; Ignore ROW GLOBAL Buffers                                          ; Off          ; Off           ;
; Ignore LCELL Buffers                                               ; Off          ; Off           ;
; Ignore SOFT Buffers                                                ; On           ; On            ;
; Limit AHDL Integers to 32 Bits                                     ; Off          ; Off           ;
; Optimization Technique -- Stratix/Stratix GX                       ; Balanced     ; Balanced      ;
; Carry Chain Length -- Stratix/Stratix GX/Cyclone/MAX II/Cyclone II ; 70           ; 70            ;
; Auto Carry Chains                                                  ; On           ; On            ;
; Auto Open-Drain Pins                                               ; On           ; On            ;
; Remove Duplicate Logic                                             ; On           ; On            ;
; Perform WYSIWYG Primitive Resynthesis                              ; Off          ; Off           ;
; Perform gate-level register retiming                               ; Off          ; Off           ;
; Allow register retiming to trade off Tsu/Tco with Fmax             ; On           ; On            ;
; Auto ROM Replacement                                               ; On           ; On            ;
; Auto RAM Replacement                                               ; On           ; On            ;
; Auto DSP Block Replacement                                         ; On           ; On            ;
; Auto Shift Register Replacement                                    ; On           ; On            ;
; Auto Clock Enable Replacement                                      ; On           ; On            ;
; Allows Synchronous Control Signal Usage in Normal Mode Logic Cells ; On           ; On            ;
; Auto RAM Block Balancing                                           ; On           ; On            ;
; Auto Resource Sharing                                              ; Off          ; Off           ;
; Allow Any RAM Size For Recognition                                 ; Off          ; Off           ;
; Allow Any ROM Size For Recognition                                 ; Off          ; Off           ;
; Allow Any Shift Register Size For Recognition                      ; Off          ; Off           ;
+--------------------------------------------------------------------+--------------+---------------+


+-----------+
; Hierarchy ;
+-----------+
ALU
 |-- 74181:inst
 |-- 74181:inst1


+--------------------------------------------------------------------------------------------------------------------------------------------------------------------------------------------------------------------------------------------+
; Analysis & Synthesis Resource Utilization by Entity                                                                                                                                                                                        ;
+----------------------------+-------------+--------------+-------------+--------------+---------+-----------+-----------+------+--------------+--------------+-------------------+------------------+-----------------+---------------------+
; Compilation Hierarchy Node ; Logic Cells ; LC Registers ; Memory Bits ; DSP Elements ; DSP 9x9 ; DSP 18x18 ; DSP 36x36 ; Pins ; Virtual Pins ; LUT-Only LCs ; Register-Only LCs ; LUT/Register LCs ; Carry Chain LCs ; Full Hierarchy Name ;
+----------------------------+-------------+--------------+-------------+--------------+---------+-----------+-----------+------+--------------+--------------+-------------------+------------------+-----------------+---------------------+
; |ALU                       ; 39 (1)      ; 0            ; 0           ; 0            ; 0       ; 0         ; 0         ; 32   ; 0            ; 39 (1)       ; 0 (0)             ; 0 (0)            ; 0 (0)           ; |ALU                ;
;    |74181:inst1|           ; 19 (19)     ; 0            ; 0           ; 0            ; 0       ; 0         ; 0         ; 0    ; 0            ; 19 (19)      ; 0 (0)             ; 0 (0)            ; 0 (0)           ; |ALU|74181:inst1    ;
;    |74181:inst|            ; 19 (19)     ; 0            ; 0           ; 0            ; 0       ; 0         ; 0         ; 0    ; 0            ; 19 (19)      ; 0 (0)             ; 0 (0)            ; 0 (0)           ; |ALU|74181:inst     ;
+----------------------------+-------------+--------------+-------------+--------------+---------+-----------+-----------+------+--------------+--------------+-------------------+------------------+-----------------+---------------------+


+--------------------------------+
; Analysis & Synthesis Equations ;
+--------------------------------+
The equations can be found in E:/ALU/ALU.map.eqn.


+------------------------------------------------------------------+
; Analysis & Synthesis Source Files Read                           ;
+------------------------------------------------+-----------------+
; File Name                                      ; Used in Netlist ;
+------------------------------------------------+-----------------+
; ALU.bdf                                        ; yes             ;
; e:/quartus/libraries/others/maxplus2/74181.bdf ; yes             ;
+------------------------------------------------+-----------------+


+---------------------------------------------+
; Analysis & Synthesis Resource Usage Summary ;
+---------------------------------+-----------+
; Resource                        ; Usage     ;
+---------------------------------+-----------+
; Logic cells                     ; 39        ;
; Total combinational functions   ; 39        ;
; Total 4-input functions         ; 30        ;
; Total 3-input functions         ; 4         ;
; Total 2-input functions         ; 5         ;
; Total 1-input functions         ; 0         ;
; Total 0-input functions         ; 0         ;
; Combinational cells for routing ; 0         ;
; Total registers                 ; 0         ;
; I/O pins                        ; 32        ;
; Maximum fan-out node            ; S[3]      ;
; Maximum fan-out                 ; 8         ;
; Total fan-out                   ; 152       ;
; Average fan-out                 ; 2.14      ;
+---------------------------------+-----------+


+----------------------------------------------------------------+
; WYSIWYG Cells                                                  ;
+--------------------------------------------------------+-------+
; Statistic                                              ; Value ;
+--------------------------------------------------------+-------+
; Number of WYSIWYG cells                                ; 0     ;
; Number of synthesis-generated cells                    ; 39    ;
; Number of WYSIWYG LUTs                                 ; 0     ;
; Number of synthesis-generated LUTs                     ; 39    ;
; Number of WYSIWYG registers                            ; 0     ;
; Number of synthesis-generated registers                ; 0     ;
; Number of cells with combinational logic only          ; 39    ;
; Number of cells with registers only                    ; 0     ;
; Number of cells with combinational logic and registers ; 0     ;
+--------------------------------------------------------+-------+


+------------------------------------------------------+
; General Register Statistics                          ;
+----------------------------------------------+-------+
; Statistic                                    ; Value ;
+----------------------------------------------+-------+
; Number of registers using Synchronous Clear  ; 0     ;
; Number of registers using Synchronous Load   ; 0     ;
; Number of registers using Asynchronous Clear ; 0     ;
; Number of registers using Asynchronous Load  ; 0     ;
; Number of registers using Clock Enable       ; 0     ;
; Number of registers using Output Enable      ; 0     ;
; Number of registers using Preset             ; 0     ;
+----------------------------------------------+-------+


+-------------------------------+
; Analysis & Synthesis Messages ;
+-------------------------------+
Info: *******************************************************************
Info: Running Quartus II Analysis & Synthesis
    Info: Version 4.1 Build 181 06/29/2004 SJ Full Version
    Info: Processing started: Sat Oct 21 00:01:30 2023
Info: Command: quartus_map --import_settings_files=on --export_settings_files=off ALU -c ALU
Info: Found 1 design units, including 1 entities, in source file ALU.bdf
    Info: Found entity 1: ALU
Info: Found 1 design units, including 1 entities, in source file ../quartus/libraries/others/maxplus2/74181.bdf
    Info: Found entity 1: 74181
Info: Ignored 30 buffer(s)
    Info: Ignored 30 SOFT buffer(s)
Info: Implemented 71 device resources after synthesis - the final resource count might be different
    Info: Implemented 22 input pins
    Info: Implemented 10 output pins
    Info: Implemented 39 logic cells
Info: Quartus II Analysis & Synthesis was successful. 0 errors, 0 warnings
    Info: Processing ended: Sat Oct 21 00:01:31 2023
    Info: Elapsed time: 00:00:00


